[]*packages.PkgInfo{
    &packages.PkgInfo{
        Name:    "google-cloud-cli",
        Arch:    "x86_64",
        RawArch: "x86_64",
        Version: "519.0.0-1",
        Source:  packages.Source{},
    },
    &packages.PkgInfo{
        Name:    "kernel",
        Arch:    "x86_64",
        RawArch: "x86_64",
        Version: "3.10.0-1160.119.1.el7",
        Source:  packages.Source{},
    },
    &packages.PkgInfo{
        Name:    "bind-export-libs",
        Arch:    "x86_64",
        RawArch: "x86_64",
        Version: "32:9.11.4-26.P2.el7_9.16",
        Source:  packages.Source{},
    },
    &packages.PkgInfo{
        Name:    "centos-release",
        Arch:    "x86_64",
        RawArch: "x86_64",
        Version: "7-9.2009.2.el7.centos",
        Source:  packages.Source{},
    },
    &packages.PkgInfo{
        Name:    "curl",
        Arch:    "x86_64",
        RawArch: "x86_64",
        Version: "7.29.0-59.el7_9.2",
        Source:  packages.Source{},
    },
    &packages.PkgInfo{
        Name:    "dhclient",
        Arch:    "x86_64",
        RawArch: "x86_64",
        Version: "12:4.2.5-83.el7.centos.2",
        Source:  packages.Source{},
    },
    &packages.PkgInfo{
        Name:    "dhcp-common",
        Arch:    "x86_64",
        RawArch: "x86_64",
        Version: "12:4.2.5-83.el7.centos.2",
        Source:  packages.Source{},
    },
    &packages.PkgInfo{
        Name:    "dhcp-libs",
        Arch:    "x86_64",
        RawArch: "x86_64",
        Version: "12:4.2.5-83.el7.centos.2",
        Source:  packages.Source{},
    },
    &packages.PkgInfo{
        Name:    "glibc",
        Arch:    "x86_64",
        RawArch: "x86_64",
        Version: "2.17-326.el7_9.3",
        Source:  packages.Source{},
    },
    &packages.PkgInfo{
        Name:    "glibc-common",
        Arch:    "x86_64",
        RawArch: "x86_64",
        Version: "2.17-326.el7_9.3",
        Source:  packages.Source{},
    },
    &packages.PkgInfo{
        Name:    "google-compute-engine",
        Arch:    "all",
        RawArch: "noarch",
        Version: "1:20240607.00-g1.el7",
        Source:  packages.Source{},
    },
    &packages.PkgInfo{
        Name:    "google-compute-engine-oslogin",
        Arch:    "x86_64",
        RawArch: "x86_64",
        Version: "1:20240415.00-g1.el7",
        Source:  packages.Source{},
    },
    &packages.PkgInfo{
        Name:    "google-guest-agent",
        Arch:    "x86_64",
        RawArch: "x86_64",
        Version: "1:20240528.00-g1.el7",
        Source:  packages.Source{},
    },
    &packages.PkgInfo{
        Name:    "google-osconfig-agent",
        Arch:    "x86_64",
        RawArch: "x86_64",
        Version: "1:20240524.03-g1.el7",
        Source:  packages.Source{},
    },
    &packages.PkgInfo{
        Name:    "grub2",
        Arch:    "x86_64",
        RawArch: "x86_64",
        Version: "1:2.02-0.87.0.2.el7.centos.14",
        Source:  packages.Source{},
    },
    &packages.PkgInfo{
        Name:    "grub2-common",
        Arch:    "all",
        RawArch: "noarch",
        Version: "1:2.02-0.87.0.2.el7.centos.14",
        Source:  packages.Source{},
    },
    &packages.PkgInfo{
        Name:    "grub2-efi-x64",
        Arch:    "x86_64",
        RawArch: "x86_64",
        Version: "1:2.02-0.87.0.2.el7.centos.14",
        Source:  packages.Source{},
    },
    &packages.PkgInfo{
        Name:    "grub2-pc",
        Arch:    "x86_64",
        RawArch: "x86_64",
        Version: "1:2.02-0.87.0.2.el7.centos.14",
        Source:  packages.Source{},
    },
    &packages.PkgInfo{
        Name:    "grub2-pc-modules",
        Arch:    "all",
        RawArch: "noarch",
        Version: "1:2.02-0.87.0.2.el7.centos.14",
        Source:  packages.Source{},
    },
    &packages.PkgInfo{
        Name:    "grub2-tools",
        Arch:    "x86_64",
        RawArch: "x86_64",
        Version: "1:2.02-0.87.0.2.el7.centos.14",
        Source:  packages.Source{},
    },
    &packages.PkgInfo{
        Name:    "grub2-tools-extra",
        Arch:    "x86_64",
        RawArch: "x86_64",
        Version: "1:2.02-0.87.0.2.el7.centos.14",
        Source:  packages.Source{},
    },
    &packages.PkgInfo{
        Name:    "grub2-tools-minimal",
        Arch:    "x86_64",
        RawArch: "x86_64",
        Version: "1:2.02-0.87.0.2.el7.centos.14",
        Source:  packages.Source{},
    },
    &packages.PkgInfo{
        Name:    "iwl105-firmware",
        Arch:    "all",
        RawArch: "noarch",
        Version: "18.168.6.1-83.el7_9",
        Source:  packages.Source{},
    },
    &packages.PkgInfo{
        Name:    "iwl135-firmware",
        Arch:    "all",
        RawArch: "noarch",
        Version: "18.168.6.1-83.el7_9",
        Source:  packages.Source{},
    },
    &packages.PkgInfo{
        Name:    "iwl2000-firmware",
        Arch:    "all",
        RawArch: "noarch",
        Version: "18.168.6.1-83.el7_9",
        Source:  packages.Source{},
    },
    &packages.PkgInfo{
        Name:    "iwl2030-firmware",
        Arch:    "all",
        RawArch: "noarch",
        Version: "18.168.6.1-83.el7_9",
        Source:  packages.Source{},
    },
    &packages.PkgInfo{
        Name:    "iwl3160-firmware",
        Arch:    "all",
        RawArch: "noarch",
        Version: "25.30.13.0-83.el7_9",
        Source:  packages.Source{},
    },
    &packages.PkgInfo{
        Name:    "iwl6000g2b-firmware",
        Arch:    "all",
        RawArch: "noarch",
        Version: "18.168.6.1-83.el7_9",
        Source:  packages.Source{},
    },
    &packages.PkgInfo{
        Name:    "iwl7260-firmware",
        Arch:    "all",
        RawArch: "noarch",
        Version: "25.30.13.0-83.el7_9",
        Source:  packages.Source{},
    },
    &packages.PkgInfo{
        Name:    "kernel-tools",
        Arch:    "x86_64",
        RawArch: "x86_64",
        Version: "3.10.0-1160.119.1.el7",
        Source:  packages.Source{},
    },
    &packages.PkgInfo{
        Name:    "kernel-tools-libs",
        Arch:    "x86_64",
        RawArch: "x86_64",
        Version: "3.10.0-1160.119.1.el7",
        Source:  packages.Source{},
    },
    &packages.PkgInfo{
        Name:    "less",
        Arch:    "x86_64",
        RawArch: "x86_64",
        Version: "458-10.el7_9",
        Source:  packages.Source{},
    },
    &packages.PkgInfo{
        Name:    "libcurl",
        Arch:    "x86_64",
        RawArch: "x86_64",
        Version: "7.29.0-59.el7_9.2",
        Source:  packages.Source{},
    },
    &packages.PkgInfo{
        Name:    "linux-firmware",
        Arch:    "all",
        RawArch: "noarch",
        Version: "20200421-83.git78c0348.el7_9",
        Source:  packages.Source{},
    },
    &packages.PkgInfo{
        Name:    "python",
        Arch:    "x86_64",
        RawArch: "x86_64",
        Version: "2.7.5-94.el7_9",
        Source:  packages.Source{},
    },
    &packages.PkgInfo{
        Name:    "python-libs",
        Arch:    "x86_64",
        RawArch: "x86_64",
        Version: "2.7.5-94.el7_9",
        Source:  packages.Source{},
    },
    &packages.PkgInfo{
        Name:    "python-perf",
        Arch:    "x86_64",
        RawArch: "x86_64",
        Version: "3.10.0-1160.119.1.el7",
        Source:  packages.Source{},
    },
    &packages.PkgInfo{
        Name:    "systemd",
        Arch:    "x86_64",
        RawArch: "x86_64",
        Version: "219-78.el7_9.9",
        Source:  packages.Source{},
    },
    &packages.PkgInfo{
        Name:    "systemd-libs",
        Arch:    "x86_64",
        RawArch: "x86_64",
        Version: "219-78.el7_9.9",
        Source:  packages.Source{},
    },
    &packages.PkgInfo{
        Name:    "systemd-sysv",
        Arch:    "x86_64",
        RawArch: "x86_64",
        Version: "219-78.el7_9.9",
        Source:  packages.Source{},
    },
    &packages.PkgInfo{
        Name:    "tzdata",
        Arch:    "all",
        RawArch: "noarch",
        Version: "2024a-1.el7",
        Source:  packages.Source{},
    },
}