[]*packages.PkgInfo{
    &packages.PkgInfo{
        Name:    "attrs",
        Arch:    "all",
        RawArch: "",
        Version: "25.3.0",
        Source:  packages.Source{},
    },
    &packages.PkgInfo{
        Name:    "Automat",
        Arch:    "all",
        RawArch: "",
        Version: "24.8.1",
        Source:  packages.Source{},
    },
    &packages.PkgInfo{
        Name:    "blinker",
        Arch:    "all",
        RawArch: "",
        Version: "1.8.2",
        Source:  packages.Source{},
    },
    &packages.PkgInfo{
        Name:    "certifi",
        Arch:    "all",
        RawArch: "",
        Version: "2025.4.26",
        Source:  packages.Source{},
    },
    &packages.PkgInfo{
        Name:    "chardet",
        Arch:    "all",
        RawArch: "",
        Version: "5.2.0",
        Source:  packages.Source{},
    },
    &packages.PkgInfo{
        Name:    "Click",
        Arch:    "all",
        RawArch: "",
        Version: "8.1.8",
        Source:  packages.Source{},
    },
    &packages.PkgInfo{
        Name:    "colorama",
        Arch:    "all",
        RawArch: "",
        Version: "0.4.6",
        Source:  packages.Source{},
    },
    &packages.PkgInfo{
        Name:    "configobj",
        Arch:    "all",
        RawArch: "",
        Version: "5.0.9",
        Source:  packages.Source{},
    },
    &packages.PkgInfo{
        Name:    "constantly",
        Arch:    "all",
        RawArch: "",
        Version: "23.10.4",
        Source:  packages.Source{},
    },
    &packages.PkgInfo{
        Name:    "cryptography",
        Arch:    "all",
        RawArch: "",
        Version: "44.0.3",
        Source:  packages.Source{},
    },
    &packages.PkgInfo{
        Name:    "dbus-python",
        Arch:    "all",
        RawArch: "",
        Version: "1.4.0",
        Source:  packages.Source{},
    },
    &packages.PkgInfo{
        Name:    "distro",
        Arch:    "all",
        RawArch: "",
        Version: "1.9.0",
        Source:  packages.Source{},
    },
    &packages.PkgInfo{
        Name:    "distro-info",
        Arch:    "all",
        RawArch: "",
        Version: "1.0",
        Source:  packages.Source{},
    },
    &packages.PkgInfo{
        Name:    "entrypoints",
        Arch:    "all",
        RawArch: "",
        Version: "0.4",
        Source:  packages.Source{},
    },
    &packages.PkgInfo{
        Name:    "httplib2",
        Arch:    "all",
        RawArch: "",
        Version: "0.22.0",
        Source:  packages.Source{},
    },
    &packages.PkgInfo{
        Name:    "hyperlink",
        Arch:    "all",
        RawArch: "",
        Version: "21.0.0",
        Source:  packages.Source{},
    },
    &packages.PkgInfo{
        Name:    "idna",
        Arch:    "all",
        RawArch: "",
        Version: "3.10",
        Source:  packages.Source{},
    },
    &packages.PkgInfo{
        Name:    "importlib-metadata",
        Arch:    "all",
        RawArch: "",
        Version: "8.5.0",
        Source:  packages.Source{},
    },
    &packages.PkgInfo{
        Name:    "incremental",
        Arch:    "all",
        RawArch: "",
        Version: "24.7.2",
        Source:  packages.Source{},
    },
    &packages.PkgInfo{
        Name:    "Jinja2",
        Arch:    "all",
        RawArch: "",
        Version: "3.1.6",
        Source:  packages.Source{},
    },
    &packages.PkgInfo{
        Name:    "jsonpatch",
        Arch:    "all",
        RawArch: "",
        Version: "1.33",
        Source:  packages.Source{},
    },
    &packages.PkgInfo{
        Name:    "jsonpointer",
        Arch:    "all",
        RawArch: "",
        Version: "3.0.0",
        Source:  packages.Source{},
    },
    &packages.PkgInfo{
        Name:    "jsonschema",
        Arch:    "all",
        RawArch: "",
        Version: "4.23.0",
        Source:  packages.Source{},
    },
    &packages.PkgInfo{
        Name:    "keyring",
        Arch:    "all",
        RawArch: "",
        Version: "25.5.0",
        Source:  packages.Source{},
    },
    &packages.PkgInfo{
        Name:    "launchpadlib",
        Arch:    "all",
        RawArch: "",
        Version: "2.1.0",
        Source:  packages.Source{},
    },
    &packages.PkgInfo{
        Name:    "lazr.restfulclient",
        Arch:    "all",
        RawArch: "",
        Version: "0.14.6",
        Source:  packages.Source{},
    },
    &packages.PkgInfo{
        Name:    "lazr.uri",
        Arch:    "all",
        RawArch: "",
        Version: "1.0.7",
        Source:  packages.Source{},
    },
    &packages.PkgInfo{
        Name:    "MarkupSafe",
        Arch:    "all",
        RawArch: "",
        Version: "2.1.5",
        Source:  packages.Source{},
    },
    &packages.PkgInfo{
        Name:    "more-itertools",
        Arch:    "all",
        RawArch: "",
        Version: "10.5.0",
        Source:  packages.Source{},
    },
    &packages.PkgInfo{
        Name:    "netifaces",
        Arch:    "all",
        RawArch: "",
        Version: "0.11.0",
        Source:  packages.Source{},
    },
    &packages.PkgInfo{
        Name:    "oauthlib",
        Arch:    "all",
        RawArch: "",
        Version: "3.2.2",
        Source:  packages.Source{},
    },
    &packages.PkgInfo{
        Name:    "pexpect",
        Arch:    "all",
        RawArch: "",
        Version: "4.9.0",
        Source:  packages.Source{},
    },
    &packages.PkgInfo{
        Name:    "pip",
        Arch:    "all",
        RawArch: "",
        Version: "25.0.1",
        Source:  packages.Source{},
    },
    &packages.PkgInfo{
        Name:    "pyasn1",
        Arch:    "all",
        RawArch: "",
        Version: "0.6.1",
        Source:  packages.Source{},
    },
    &packages.PkgInfo{
        Name:    "pyasn1-modules",
        Arch:    "all",
        RawArch: "",
        Version: "0.4.2",
        Source:  packages.Source{},
    },
    &packages.PkgInfo{
        Name:    "PyGObject",
        Arch:    "all",
        RawArch: "",
        Version: "3.48.2",
        Source:  packages.Source{},
    },
    &packages.PkgInfo{
        Name:    "PyHamcrest",
        Arch:    "all",
        RawArch: "",
        Version: "2.1.0",
        Source:  packages.Source{},
    },
    &packages.PkgInfo{
        Name:    "PyJWT",
        Arch:    "all",
        RawArch: "",
        Version: "2.9.0",
        Source:  packages.Source{},
    },
    &packages.PkgInfo{
        Name:    "PyNaCl",
        Arch:    "all",
        RawArch: "",
        Version: "1.5.0",
        Source:  packages.Source{},
    },
    &packages.PkgInfo{
        Name:    "pyOpenSSL",
        Arch:    "all",
        RawArch: "",
        Version: "25.0.0",
        Source:  packages.Source{},
    },
    &packages.PkgInfo{
        Name:    "pyrsistent",
        Arch:    "all",
        RawArch: "",
        Version: "0.20.0",
        Source:  packages.Source{},
    },
    &packages.PkgInfo{
        Name:    "pyserial",
        Arch:    "all",
        RawArch: "",
        Version: "3.5",
        Source:  packages.Source{},
    },
    &packages.PkgInfo{
        Name:    "python-debian",
        Arch:    "all",
        RawArch: "",
        Version: "1.0.1",
        Source:  packages.Source{},
    },
    &packages.PkgInfo{
        Name:    "PyYAML",
        Arch:    "all",
        RawArch: "",
        Version: "6.0.2",
        Source:  packages.Source{},
    },
    &packages.PkgInfo{
        Name:    "requests",
        Arch:    "all",
        RawArch: "",
        Version: "2.32.3",
        Source:  packages.Source{},
    },
    &packages.PkgInfo{
        Name:    "requests-unixsocket",
        Arch:    "all",
        RawArch: "",
        Version: "0.3.0",
        Source:  packages.Source{},
    },
    &packages.PkgInfo{
        Name:    "SecretStorage",
        Arch:    "all",
        RawArch: "",
        Version: "3.3.3",
        Source:  packages.Source{},
    },
    &packages.PkgInfo{
        Name:    "service-identity",
        Arch:    "all",
        RawArch: "",
        Version: "24.2.0",
        Source:  packages.Source{},
    },
    &packages.PkgInfo{
        Name:    "setuptools",
        Arch:    "all",
        RawArch: "",
        Version: "75.3.2",
        Source:  packages.Source{},
    },
    &packages.PkgInfo{
        Name:    "simplejson",
        Arch:    "all",
        RawArch: "",
        Version: "3.20.1",
        Source:  packages.Source{},
    },
    &packages.PkgInfo{
        Name:    "six",
        Arch:    "all",
        RawArch: "",
        Version: "1.17.0",
        Source:  packages.Source{},
    },
    &packages.PkgInfo{
        Name:    "ssh-import-id",
        Arch:    "all",
        RawArch: "",
        Version: "5.11",
        Source:  packages.Source{},
    },
    &packages.PkgInfo{
        Name:    "systemd-python",
        Arch:    "all",
        RawArch: "",
        Version: "235",
        Source:  packages.Source{},
    },
    &packages.PkgInfo{
        Name:    "Twisted",
        Arch:    "all",
        RawArch: "",
        Version: "24.11.0",
        Source:  packages.Source{},
    },
    &packages.PkgInfo{
        Name:    "urllib3",
        Arch:    "all",
        RawArch: "",
        Version: "2.2.3",
        Source:  packages.Source{},
    },
    &packages.PkgInfo{
        Name:    "wadllib",
        Arch:    "all",
        RawArch: "",
        Version: "2.0.0",
        Source:  packages.Source{},
    },
    &packages.PkgInfo{
        Name:    "wheel",
        Arch:    "all",
        RawArch: "",
        Version: "0.45.1",
        Source:  packages.Source{},
    },
    &packages.PkgInfo{
        Name:    "zipp",
        Arch:    "all",
        RawArch: "",
        Version: "3.20.2",
        Source:  packages.Source{},
    },
    &packages.PkgInfo{
        Name:    "zope.interface",
        Arch:    "all",
        RawArch: "",
        Version: "7.2",
        Source:  packages.Source{},
    },
}