[]*packages.PkgInfo{
    &packages.PkgInfo{
        Name:    "kernel",
        Arch:    "x86_64",
        RawArch: "x86_64",
        Version: "4.18.0-553.50.1.el8_10",
        Source:  packages.Source{},
    },
    &packages.PkgInfo{
        Name:    "kernel-core",
        Arch:    "x86_64",
        RawArch: "x86_64",
        Version: "4.18.0-553.50.1.el8_10",
        Source:  packages.Source{},
    },
    &packages.PkgInfo{
        Name:    "kernel-devel",
        Arch:    "x86_64",
        RawArch: "x86_64",
        Version: "4.18.0-553.50.1.el8_10",
        Source:  packages.Source{},
    },
    &packages.PkgInfo{
        Name:    "kernel-modules",
        Arch:    "x86_64",
        RawArch: "x86_64",
        Version: "4.18.0-553.50.1.el8_10",
        Source:  packages.Source{},
    },
    &packages.PkgInfo{
        Name:    "kernel-uek",
        Arch:    "x86_64",
        RawArch: "x86_64",
        Version: "5.15.0-307.178.5.el8uek",
        Source:  packages.Source{},
    },
    &packages.PkgInfo{
        Name:    "kernel-uek-core",
        Arch:    "x86_64",
        RawArch: "x86_64",
        Version: "5.15.0-307.178.5.el8uek",
        Source:  packages.Source{},
    },
    &packages.PkgInfo{
        Name:    "kernel-uek-devel",
        Arch:    "x86_64",
        RawArch: "x86_64",
        Version: "5.15.0-307.178.5.el8uek",
        Source:  packages.Source{},
    },
    &packages.PkgInfo{
        Name:    "kernel-uek-modules",
        Arch:    "x86_64",
        RawArch: "x86_64",
        Version: "5.15.0-307.178.5.el8uek",
        Source:  packages.Source{},
    },
    &packages.PkgInfo{
        Name:    "kernel-uek-modules-extra",
        Arch:    "x86_64",
        RawArch: "x86_64",
        Version: "5.15.0-307.178.5.el8uek",
        Source:  packages.Source{},
    },
    &packages.PkgInfo{
        Name:    "bpftool",
        Arch:    "x86_64",
        RawArch: "x86_64",
        Version: "5.15.0-307.178.5.el8uek",
        Source:  packages.Source{},
    },
    &packages.PkgInfo{
        Name:    "cpp",
        Arch:    "x86_64",
        RawArch: "x86_64",
        Version: "8.5.0-26.0.1.el8_10",
        Source:  packages.Source{},
    },
    &packages.PkgInfo{
        Name:    "device-mapper-multipath",
        Arch:    "x86_64",
        RawArch: "x86_64",
        Version: "0.8.4-42.el8_10",
        Source:  packages.Source{},
    },
    &packages.PkgInfo{
        Name:    "device-mapper-multipath-libs",
        Arch:    "x86_64",
        RawArch: "x86_64",
        Version: "0.8.4-42.el8_10",
        Source:  packages.Source{},
    },
    &packages.PkgInfo{
        Name:    "expat",
        Arch:    "x86_64",
        RawArch: "x86_64",
        Version: "2.2.5-17.0.1.el8_10",
        Source:  packages.Source{},
    },
    &packages.PkgInfo{
        Name:    "freetype",
        Arch:    "x86_64",
        RawArch: "x86_64",
        Version: "2.9.1-10.el8_10",
        Source:  packages.Source{},
    },
    &packages.PkgInfo{
        Name:    "gcc",
        Arch:    "x86_64",
        RawArch: "x86_64",
        Version: "8.5.0-26.0.1.el8_10",
        Source:  packages.Source{},
    },
    &packages.PkgInfo{
        Name:    "glibc",
        Arch:    "x86_64",
        RawArch: "x86_64",
        Version: "2.28-251.0.3.el8_10.16",
        Source:  packages.Source{},
    },
    &packages.PkgInfo{
        Name:    "glibc-common",
        Arch:    "x86_64",
        RawArch: "x86_64",
        Version: "2.28-251.0.3.el8_10.16",
        Source:  packages.Source{},
    },
    &packages.PkgInfo{
        Name:    "glibc-devel",
        Arch:    "x86_64",
        RawArch: "x86_64",
        Version: "2.28-251.0.3.el8_10.16",
        Source:  packages.Source{},
    },
    &packages.PkgInfo{
        Name:    "glibc-gconv-extra",
        Arch:    "x86_64",
        RawArch: "x86_64",
        Version: "2.28-251.0.3.el8_10.16",
        Source:  packages.Source{},
    },
    &packages.PkgInfo{
        Name:    "glibc-headers",
        Arch:    "x86_64",
        RawArch: "x86_64",
        Version: "2.28-251.0.3.el8_10.16",
        Source:  packages.Source{},
    },
    &packages.PkgInfo{
        Name:    "glibc-langpack-en",
        Arch:    "x86_64",
        RawArch: "x86_64",
        Version: "2.28-251.0.3.el8_10.16",
        Source:  packages.Source{},
    },
    &packages.PkgInfo{
        Name:    "gnutls",
        Arch:    "x86_64",
        RawArch: "x86_64",
        Version: "3.6.16-8.el8_10.3",
        Source:  packages.Source{},
    },
    &packages.PkgInfo{
        Name:    "google-guest-agent",
        Arch:    "x86_64",
        RawArch: "x86_64",
        Version: "1:20250327.01-g1.el8",
        Source:  packages.Source{},
    },
    &packages.PkgInfo{
        Name:    "google-osconfig-agent",
        Arch:    "x86_64",
        RawArch: "x86_64",
        Version: "1:20250320.00-g1.el8",
        Source:  packages.Source{},
    },
    &packages.PkgInfo{
        Name:    "grub2-common",
        Arch:    "all",
        RawArch: "noarch",
        Version: "1:2.02-164.0.2.el8_10",
        Source:  packages.Source{},
    },
    &packages.PkgInfo{
        Name:    "grub2-efi-x64",
        Arch:    "x86_64",
        RawArch: "x86_64",
        Version: "1:2.02-164.0.2.el8_10",
        Source:  packages.Source{},
    },
    &packages.PkgInfo{
        Name:    "grub2-tools",
        Arch:    "x86_64",
        RawArch: "x86_64",
        Version: "1:2.02-164.0.2.el8_10",
        Source:  packages.Source{},
    },
    &packages.PkgInfo{
        Name:    "grub2-tools-efi",
        Arch:    "x86_64",
        RawArch: "x86_64",
        Version: "1:2.02-164.0.2.el8_10",
        Source:  packages.Source{},
    },
    &packages.PkgInfo{
        Name:    "grub2-tools-extra",
        Arch:    "x86_64",
        RawArch: "x86_64",
        Version: "1:2.02-164.0.2.el8_10",
        Source:  packages.Source{},
    },
    &packages.PkgInfo{
        Name:    "grub2-tools-minimal",
        Arch:    "x86_64",
        RawArch: "x86_64",
        Version: "1:2.02-164.0.2.el8_10",
        Source:  packages.Source{},
    },
    &packages.PkgInfo{
        Name:    "iwl100-firmware",
        Arch:    "all",
        RawArch: "noarch",
        Version: "999:39.31.5.1-999.39.el8",
        Source:  packages.Source{},
    },
    &packages.PkgInfo{
        Name:    "iwl1000-firmware",
        Arch:    "all",
        RawArch: "noarch",
        Version: "999:39.31.5.1-999.39.el8",
        Source:  packages.Source{},
    },
    &packages.PkgInfo{
        Name:    "iwl105-firmware",
        Arch:    "all",
        RawArch: "noarch",
        Version: "999:18.168.6.1-999.39.el8",
        Source:  packages.Source{},
    },
    &packages.PkgInfo{
        Name:    "iwl135-firmware",
        Arch:    "all",
        RawArch: "noarch",
        Version: "999:18.168.6.1-999.39.el8",
        Source:  packages.Source{},
    },
    &packages.PkgInfo{
        Name:    "iwl2000-firmware",
        Arch:    "all",
        RawArch: "noarch",
        Version: "999:18.168.6.1-999.39.el8",
        Source:  packages.Source{},
    },
    &packages.PkgInfo{
        Name:    "iwl2030-firmware",
        Arch:    "all",
        RawArch: "noarch",
        Version: "999:18.168.6.1-999.39.el8",
        Source:  packages.Source{},
    },
    &packages.PkgInfo{
        Name:    "iwl3160-firmware",
        Arch:    "all",
        RawArch: "noarch",
        Version: "999:25.30.13.0-999.39.el8",
        Source:  packages.Source{},
    },
    &packages.PkgInfo{
        Name:    "iwl5000-firmware",
        Arch:    "all",
        RawArch: "noarch",
        Version: "999:8.83.5.1_1-999.39.el8",
        Source:  packages.Source{},
    },
    &packages.PkgInfo{
        Name:    "iwl5150-firmware",
        Arch:    "all",
        RawArch: "noarch",
        Version: "999:8.24.2.2-999.39.el8",
        Source:  packages.Source{},
    },
    &packages.PkgInfo{
        Name:    "iwl6000-firmware",
        Arch:    "all",
        RawArch: "noarch",
        Version: "999:9.221.4.1-999.39.el8",
        Source:  packages.Source{},
    },
    &packages.PkgInfo{
        Name:    "iwl6000g2a-firmware",
        Arch:    "all",
        RawArch: "noarch",
        Version: "999:18.168.6.1-999.39.el8",
        Source:  packages.Source{},
    },
    &packages.PkgInfo{
        Name:    "iwl6050-firmware",
        Arch:    "all",
        RawArch: "noarch",
        Version: "999:41.28.5.1-999.39.el8",
        Source:  packages.Source{},
    },
    &packages.PkgInfo{
        Name:    "iwl7260-firmware",
        Arch:    "all",
        RawArch: "noarch",
        Version: "999:25.30.13.0-999.39.el8",
        Source:  packages.Source{},
    },
    &packages.PkgInfo{
        Name:    "iwlax2xx-firmware",
        Arch:    "all",
        RawArch: "noarch",
        Version: "999:20250319-999.39.el8",
        Source:  packages.Source{},
    },
    &packages.PkgInfo{
        Name:    "kernel-headers",
        Arch:    "x86_64",
        RawArch: "x86_64",
        Version: "4.18.0-553.50.1.el8_10",
        Source:  packages.Source{},
    },
    &packages.PkgInfo{
        Name:    "kernel-tools",
        Arch:    "x86_64",
        RawArch: "x86_64",
        Version: "4.18.0-553.50.1.el8_10",
        Source:  packages.Source{},
    },
    &packages.PkgInfo{
        Name:    "kernel-tools-libs",
        Arch:    "x86_64",
        RawArch: "x86_64",
        Version: "4.18.0-553.50.1.el8_10",
        Source:  packages.Source{},
    },
    &packages.PkgInfo{
        Name:    "kexec-tools",
        Arch:    "x86_64",
        RawArch: "x86_64",
        Version: "2.0.28-1.0.9.el8_10",
        Source:  packages.Source{},
    },
    &packages.PkgInfo{
        Name:    "kpartx",
        Arch:    "x86_64",
        RawArch: "x86_64",
        Version: "0.8.4-42.el8_10",
        Source:  packages.Source{},
    },
    &packages.PkgInfo{
        Name:    "libgcc",
        Arch:    "x86_64",
        RawArch: "x86_64",
        Version: "8.5.0-26.0.1.el8_10",
        Source:  packages.Source{},
    },
    &packages.PkgInfo{
        Name:    "libgfortran",
        Arch:    "x86_64",
        RawArch: "x86_64",
        Version: "8.5.0-26.0.1.el8_10",
        Source:  packages.Source{},
    },
    &packages.PkgInfo{
        Name:    "libgomp",
        Arch:    "x86_64",
        RawArch: "x86_64",
        Version: "8.5.0-26.0.1.el8_10",
        Source:  packages.Source{},
    },
    &packages.PkgInfo{
        Name:    "libquadmath",
        Arch:    "x86_64",
        RawArch: "x86_64",
        Version: "8.5.0-26.0.1.el8_10",
        Source:  packages.Source{},
    },
    &packages.PkgInfo{
        Name:    "libsmbclient",
        Arch:    "x86_64",
        RawArch: "x86_64",
        Version: "4.19.4-7.0.1.el8_10",
        Source:  packages.Source{},
    },
    &packages.PkgInfo{
        Name:    "libstdc++",
        Arch:    "x86_64",
        RawArch: "x86_64",
        Version: "8.5.0-26.0.1.el8_10",
        Source:  packages.Source{},
    },
    &packages.PkgInfo{
        Name:    "libtasn1",
        Arch:    "x86_64",
        RawArch: "x86_64",
        Version: "4.13-5.el8_10",
        Source:  packages.Source{},
    },
    &packages.PkgInfo{
        Name:    "libwbclient",
        Arch:    "x86_64",
        RawArch: "x86_64",
        Version: "4.19.4-7.0.1.el8_10",
        Source:  packages.Source{},
    },
    &packages.PkgInfo{
        Name:    "linux-firmware",
        Arch:    "all",
        RawArch: "noarch",
        Version: "999:20250319-999.39.git430633ec.el8",
        Source:  packages.Source{},
    },
    &packages.PkgInfo{
        Name:    "linux-firmware-core",
        Arch:    "all",
        RawArch: "noarch",
        Version: "999:20250319-999.39.git430633ec.el8",
        Source:  packages.Source{},
    },
    &packages.PkgInfo{
        Name:    "microcode_ctl",
        Arch:    "x86_64",
        RawArch: "x86_64",
        Version: "4:20250211-1.0.1.el8_10",
        Source:  packages.Source{},
    },
    &packages.PkgInfo{
        Name:    "perf",
        Arch:    "x86_64",
        RawArch: "x86_64",
        Version: "4.18.0-553.50.1.el8_10",
        Source:  packages.Source{},
    },
    &packages.PkgInfo{
        Name:    "python3-perf",
        Arch:    "x86_64",
        RawArch: "x86_64",
        Version: "4.18.0-553.50.1.el8_10",
        Source:  packages.Source{},
    },
    &packages.PkgInfo{
        Name:    "samba-client-libs",
        Arch:    "x86_64",
        RawArch: "x86_64",
        Version: "4.19.4-7.0.1.el8_10",
        Source:  packages.Source{},
    },
    &packages.PkgInfo{
        Name:    "samba-common",
        Arch:    "all",
        RawArch: "noarch",
        Version: "4.19.4-7.0.1.el8_10",
        Source:  packages.Source{},
    },
    &packages.PkgInfo{
        Name:    "samba-common-libs",
        Arch:    "x86_64",
        RawArch: "x86_64",
        Version: "4.19.4-7.0.1.el8_10",
        Source:  packages.Source{},
    },
    &packages.PkgInfo{
        Name:    "shim-x64",
        Arch:    "x86_64",
        RawArch: "x86_64",
        Version: "15.8-4.0.2.el8_10",
        Source:  packages.Source{},
    },
    &packages.PkgInfo{
        Name:    "sos",
        Arch:    "all",
        RawArch: "noarch",
        Version: "4.8.2-1.0.2.el8_10",
        Source:  packages.Source{},
    },
    &packages.PkgInfo{
        Name:    "systemd",
        Arch:    "x86_64",
        RawArch: "x86_64",
        Version: "239-82.0.3.el8_10.5",
        Source:  packages.Source{},
    },
    &packages.PkgInfo{
        Name:    "systemd-libs",
        Arch:    "x86_64",
        RawArch: "x86_64",
        Version: "239-82.0.3.el8_10.5",
        Source:  packages.Source{},
    },
    &packages.PkgInfo{
        Name:    "systemd-pam",
        Arch:    "x86_64",
        RawArch: "x86_64",
        Version: "239-82.0.3.el8_10.5",
        Source:  packages.Source{},
    },
    &packages.PkgInfo{
        Name:    "systemd-udev",
        Arch:    "x86_64",
        RawArch: "x86_64",
        Version: "239-82.0.3.el8_10.5",
        Source:  packages.Source{},
    },
    &packages.PkgInfo{
        Name:    "tzdata",
        Arch:    "all",
        RawArch: "noarch",
        Version: "2025b-1.0.1.el8",
        Source:  packages.Source{},
    },
}