[]*packages.PkgInfo{
    &packages.PkgInfo{
        Name:    "google-cloud-cli",
        Arch:    "x86_64",
        RawArch: "x86_64",
        Version: "519.0.0-1",
        Source:  packages.Source{},
    },
    &packages.PkgInfo{
        Name:    "kernel",
        Arch:    "x86_64",
        RawArch: "x86_64",
        Version: "3.10.0-1160.119.1.el7",
        Source:  packages.Source{},
    },
    &packages.PkgInfo{
        Name:    "google-compute-engine",
        Arch:    "all",
        RawArch: "noarch",
        Version: "1:20240607.00-g1.el7",
        Source:  packages.Source{},
    },
    &packages.PkgInfo{
        Name:    "google-compute-engine-oslogin",
        Arch:    "x86_64",
        RawArch: "x86_64",
        Version: "1:20240415.00-g1.el7",
        Source:  packages.Source{},
    },
    &packages.PkgInfo{
        Name:    "google-guest-agent",
        Arch:    "x86_64",
        RawArch: "x86_64",
        Version: "1:20240528.00-g1.el7",
        Source:  packages.Source{},
    },
    &packages.PkgInfo{
        Name:    "google-osconfig-agent",
        Arch:    "x86_64",
        RawArch: "x86_64",
        Version: "1:20240524.03-g1.el7",
        Source:  packages.Source{},
    },
    &packages.PkgInfo{
        Name:    "kernel-tools",
        Arch:    "x86_64",
        RawArch: "x86_64",
        Version: "3.10.0-1160.119.1.el7",
        Source:  packages.Source{},
    },
    &packages.PkgInfo{
        Name:    "kernel-tools-libs",
        Arch:    "x86_64",
        RawArch: "x86_64",
        Version: "3.10.0-1160.119.1.el7",
        Source:  packages.Source{},
    },
    &packages.PkgInfo{
        Name:    "python-perf",
        Arch:    "x86_64",
        RawArch: "x86_64",
        Version: "3.10.0-1160.119.1.el7",
        Source:  packages.Source{},
    },
    &packages.PkgInfo{
        Name:    "redhat-release-server",
        Arch:    "x86_64",
        RawArch: "x86_64",
        Version: "7.9-12.el7_9",
        Source:  packages.Source{},
    },
    &packages.PkgInfo{
        Name:    "redhat-support-lib-python",
        Arch:    "all",
        RawArch: "noarch",
        Version: "0.14.0-1.el7_9",
        Source:  packages.Source{},
    },
    &packages.PkgInfo{
        Name:    "redhat-support-tool",
        Arch:    "all",
        RawArch: "noarch",
        Version: "0.14.0-1.el7_9",
        Source:  packages.Source{},
    },
    &packages.PkgInfo{
        Name:    "systemd",
        Arch:    "x86_64",
        RawArch: "x86_64",
        Version: "219-78.el7_9.9",
        Source:  packages.Source{},
    },
    &packages.PkgInfo{
        Name:    "systemd-libs",
        Arch:    "x86_64",
        RawArch: "x86_64",
        Version: "219-78.el7_9.9",
        Source:  packages.Source{},
    },
    &packages.PkgInfo{
        Name:    "systemd-sysv",
        Arch:    "x86_64",
        RawArch: "x86_64",
        Version: "219-78.el7_9.9",
        Source:  packages.Source{},
    },
    &packages.PkgInfo{
        Name:    "tzdata",
        Arch:    "all",
        RawArch: "noarch",
        Version: "2024a-1.el7",
        Source:  packages.Source{},
    },
}