[]*packages.PkgInfo{
    &packages.PkgInfo{
        Name:    "kernel",
        Arch:    "x86_64",
        RawArch: "x86_64",
        Version: "4.18.0-553.50.1.el8_10",
        Source:  packages.Source{},
    },
    &packages.PkgInfo{
        Name:    "kernel-core",
        Arch:    "x86_64",
        RawArch: "x86_64",
        Version: "4.18.0-553.50.1.el8_10",
        Source:  packages.Source{},
    },
    &packages.PkgInfo{
        Name:    "kernel-modules",
        Arch:    "x86_64",
        RawArch: "x86_64",
        Version: "4.18.0-553.50.1.el8_10",
        Source:  packages.Source{},
    },
    &packages.PkgInfo{
        Name:    "NetworkManager",
        Arch:    "x86_64",
        RawArch: "x86_64",
        Version: "1:1.40.16-19.el8_10",
        Source:  packages.Source{},
    },
    &packages.PkgInfo{
        Name:    "NetworkManager-libnm",
        Arch:    "x86_64",
        RawArch: "x86_64",
        Version: "1:1.40.16-19.el8_10",
        Source:  packages.Source{},
    },
    &packages.PkgInfo{
        Name:    "NetworkManager-team",
        Arch:    "x86_64",
        RawArch: "x86_64",
        Version: "1:1.40.16-19.el8_10",
        Source:  packages.Source{},
    },
    &packages.PkgInfo{
        Name:    "NetworkManager-tui",
        Arch:    "x86_64",
        RawArch: "x86_64",
        Version: "1:1.40.16-19.el8_10",
        Source:  packages.Source{},
    },
    &packages.PkgInfo{
        Name:    "acl",
        Arch:    "x86_64",
        RawArch: "x86_64",
        Version: "2.2.53-3.el8",
        Source:  packages.Source{},
    },
    &packages.PkgInfo{
        Name:    "audit",
        Arch:    "x86_64",
        RawArch: "x86_64",
        Version: "3.1.2-1.el8",
        Source:  packages.Source{},
    },
    &packages.PkgInfo{
        Name:    "audit-libs",
        Arch:    "x86_64",
        RawArch: "x86_64",
        Version: "3.1.2-1.el8",
        Source:  packages.Source{},
    },
    &packages.PkgInfo{
        Name:    "bash",
        Arch:    "x86_64",
        RawArch: "x86_64",
        Version: "4.4.20-5.el8",
        Source:  packages.Source{},
    },
    &packages.PkgInfo{
        Name:    "bind-export-libs",
        Arch:    "x86_64",
        RawArch: "x86_64",
        Version: "32:9.11.36-16.el8_10.4",
        Source:  packages.Source{},
    },
    &packages.PkgInfo{
        Name:    "c-ares",
        Arch:    "x86_64",
        RawArch: "x86_64",
        Version: "1.13.0-11.el8_10",
        Source:  packages.Source{},
    },
    &packages.PkgInfo{
        Name:    "ca-certificates",
        Arch:    "all",
        RawArch: "noarch",
        Version: "2024.2.69_v8.0.303-80.0.el8_10",
        Source:  packages.Source{},
    },
    &packages.PkgInfo{
        Name:    "chrony",
        Arch:    "x86_64",
        RawArch: "x86_64",
        Version: "4.5-2.el8_10",
        Source:  packages.Source{},
    },
    &packages.PkgInfo{
        Name:    "cronie",
        Arch:    "x86_64",
        RawArch: "x86_64",
        Version: "1.5.2-10.el8",
        Source:  packages.Source{},
    },
    &packages.PkgInfo{
        Name:    "cronie-anacron",
        Arch:    "x86_64",
        RawArch: "x86_64",
        Version: "1.5.2-10.el8",
        Source:  packages.Source{},
    },
    &packages.PkgInfo{
        Name:    "curl",
        Arch:    "x86_64",
        RawArch: "x86_64",
        Version: "7.61.1-34.el8_10.3",
        Source:  packages.Source{},
    },
    &packages.PkgInfo{
        Name:    "device-mapper",
        Arch:    "x86_64",
        RawArch: "x86_64",
        Version: "8:1.02.181-15.el8_10",
        Source:  packages.Source{},
    },
    &packages.PkgInfo{
        Name:    "device-mapper-libs",
        Arch:    "x86_64",
        RawArch: "x86_64",
        Version: "8:1.02.181-15.el8_10",
        Source:  packages.Source{},
    },
    &packages.PkgInfo{
        Name:    "dhcp-client",
        Arch:    "x86_64",
        RawArch: "x86_64",
        Version: "12:4.3.6-50.el8_10",
        Source:  packages.Source{},
    },
    &packages.PkgInfo{
        Name:    "dhcp-common",
        Arch:    "all",
        RawArch: "noarch",
        Version: "12:4.3.6-50.el8_10",
        Source:  packages.Source{},
    },
    &packages.PkgInfo{
        Name:    "dhcp-libs",
        Arch:    "x86_64",
        RawArch: "x86_64",
        Version: "12:4.3.6-50.el8_10",
        Source:  packages.Source{},
    },
    &packages.PkgInfo{
        Name:    "dmidecode",
        Arch:    "x86_64",
        RawArch: "x86_64",
        Version: "1:3.5-1.el8",
        Source:  packages.Source{},
    },
    &packages.PkgInfo{
        Name:    "dnf",
        Arch:    "all",
        RawArch: "noarch",
        Version: "4.7.0-21.el8_10",
        Source:  packages.Source{},
    },
    &packages.PkgInfo{
        Name:    "dnf-automatic",
        Arch:    "all",
        RawArch: "noarch",
        Version: "4.7.0-21.el8_10",
        Source:  packages.Source{},
    },
    &packages.PkgInfo{
        Name:    "dnf-data",
        Arch:    "all",
        RawArch: "noarch",
        Version: "4.7.0-21.el8_10",
        Source:  packages.Source{},
    },
    &packages.PkgInfo{
        Name:    "dnf-plugins-core",
        Arch:    "all",
        RawArch: "noarch",
        Version: "4.0.21-25.el8",
        Source:  packages.Source{},
    },
    &packages.PkgInfo{
        Name:    "dracut",
        Arch:    "x86_64",
        RawArch: "x86_64",
        Version: "049-233.git20240115.el8",
        Source:  packages.Source{},
    },
    &packages.PkgInfo{
        Name:    "dracut-config-rescue",
        Arch:    "x86_64",
        RawArch: "x86_64",
        Version: "049-233.git20240115.el8",
        Source:  packages.Source{},
    },
    &packages.PkgInfo{
        Name:    "dracut-network",
        Arch:    "x86_64",
        RawArch: "x86_64",
        Version: "049-233.git20240115.el8",
        Source:  packages.Source{},
    },
    &packages.PkgInfo{
        Name:    "dracut-squash",
        Arch:    "x86_64",
        RawArch: "x86_64",
        Version: "049-233.git20240115.el8",
        Source:  packages.Source{},
    },
    &packages.PkgInfo{
        Name:    "elfutils-debuginfod-client",
        Arch:    "x86_64",
        RawArch: "x86_64",
        Version: "0.190-2.el8",
        Source:  packages.Source{},
    },
    &packages.PkgInfo{
        Name:    "elfutils-default-yama-scope",
        Arch:    "all",
        RawArch: "noarch",
        Version: "0.190-2.el8",
        Source:  packages.Source{},
    },
    &packages.PkgInfo{
        Name:    "elfutils-libelf",
        Arch:    "x86_64",
        RawArch: "x86_64",
        Version: "0.190-2.el8",
        Source:  packages.Source{},
    },
    &packages.PkgInfo{
        Name:    "elfutils-libs",
        Arch:    "x86_64",
        RawArch: "x86_64",
        Version: "0.190-2.el8",
        Source:  packages.Source{},
    },
    &packages.PkgInfo{
        Name:    "expat",
        Arch:    "x86_64",
        RawArch: "x86_64",
        Version: "2.2.5-17.el8_10",
        Source:  packages.Source{},
    },
    &packages.PkgInfo{
        Name:    "file",
        Arch:    "x86_64",
        RawArch: "x86_64",
        Version: "5.33-26.el8",
        Source:  packages.Source{},
    },
    &packages.PkgInfo{
        Name:    "file-libs",
        Arch:    "x86_64",
        RawArch: "x86_64",
        Version: "5.33-26.el8",
        Source:  packages.Source{},
    },
    &packages.PkgInfo{
        Name:    "findutils",
        Arch:    "x86_64",
        RawArch: "x86_64",
        Version: "1:4.6.0-23.el8_10",
        Source:  packages.Source{},
    },
    &packages.PkgInfo{
        Name:    "firewalld",
        Arch:    "all",
        RawArch: "noarch",
        Version: "0.9.11-10.el8_10",
        Source:  packages.Source{},
    },
    &packages.PkgInfo{
        Name:    "firewalld-filesystem",
        Arch:    "all",
        RawArch: "noarch",
        Version: "0.9.11-10.el8_10",
        Source:  packages.Source{},
    },
    &packages.PkgInfo{
        Name:    "freetype",
        Arch:    "x86_64",
        RawArch: "x86_64",
        Version: "2.9.1-10.el8_10",
        Source:  packages.Source{},
    },
    &packages.PkgInfo{
        Name:    "fuse-libs",
        Arch:    "x86_64",
        RawArch: "x86_64",
        Version: "2.9.7-19.el8",
        Source:  packages.Source{},
    },
    &packages.PkgInfo{
        Name:    "fwupd",
        Arch:    "x86_64",
        RawArch: "x86_64",
        Version: "1.7.8-2.el8.rocky.0.3",
        Source:  packages.Source{},
    },
    &packages.PkgInfo{
        Name:    "glib2",
        Arch:    "x86_64",
        RawArch: "x86_64",
        Version: "2.56.4-165.el8_10",
        Source:  packages.Source{},
    },
    &packages.PkgInfo{
        Name:    "glibc",
        Arch:    "x86_64",
        RawArch: "x86_64",
        Version: "2.28-251.el8_10.16",
        Source:  packages.Source{},
    },
    &packages.PkgInfo{
        Name:    "glibc-common",
        Arch:    "x86_64",
        RawArch: "x86_64",
        Version: "2.28-251.el8_10.16",
        Source:  packages.Source{},
    },
    &packages.PkgInfo{
        Name:    "glibc-gconv-extra",
        Arch:    "x86_64",
        RawArch: "x86_64",
        Version: "2.28-251.el8_10.16",
        Source:  packages.Source{},
    },
    &packages.PkgInfo{
        Name:    "glibc-langpack-en",
        Arch:    "x86_64",
        RawArch: "x86_64",
        Version: "2.28-251.el8_10.16",
        Source:  packages.Source{},
    },
    &packages.PkgInfo{
        Name:    "gmp",
        Arch:    "x86_64",
        RawArch: "x86_64",
        Version: "1:6.1.2-12.el8",
        Source:  packages.Source{},
    },
    &packages.PkgInfo{
        Name:    "gnutls",
        Arch:    "x86_64",
        RawArch: "x86_64",
        Version: "3.6.16-8.el8_10.3",
        Source:  packages.Source{},
    },
    &packages.PkgInfo{
        Name:    "google-cloud-cli",
        Arch:    "x86_64",
        RawArch: "x86_64",
        Version: "518.0.0-1",
        Source:  packages.Source{},
    },
    &packages.PkgInfo{
        Name:    "google-compute-engine",
        Arch:    "all",
        RawArch: "noarch",
        Version: "1:20250207.00-g1.el8",
        Source:  packages.Source{},
    },
    &packages.PkgInfo{
        Name:    "google-compute-engine-oslogin",
        Arch:    "x86_64",
        RawArch: "x86_64",
        Version: "1:20240701.00-g1.el8",
        Source:  packages.Source{},
    },
    &packages.PkgInfo{
        Name:    "google-guest-agent",
        Arch:    "x86_64",
        RawArch: "x86_64",
        Version: "1:20250327.01-g1.el8",
        Source:  packages.Source{},
    },
    &packages.PkgInfo{
        Name:    "google-osconfig-agent",
        Arch:    "x86_64",
        RawArch: "x86_64",
        Version: "1:20250320.00-g1.el8",
        Source:  packages.Source{},
    },
    &packages.PkgInfo{
        Name:    "gpgme",
        Arch:    "x86_64",
        RawArch: "x86_64",
        Version: "1.13.1-12.el8",
        Source:  packages.Source{},
    },
    &packages.PkgInfo{
        Name:    "grub2-common",
        Arch:    "all",
        RawArch: "noarch",
        Version: "1:2.02-165.el8_10.rocky.0.1",
        Source:  packages.Source{},
    },
    &packages.PkgInfo{
        Name:    "grub2-efi-x64",
        Arch:    "x86_64",
        RawArch: "x86_64",
        Version: "1:2.02-165.el8_10.rocky.0.1",
        Source:  packages.Source{},
    },
    &packages.PkgInfo{
        Name:    "grub2-tools",
        Arch:    "x86_64",
        RawArch: "x86_64",
        Version: "1:2.02-165.el8_10.rocky.0.1",
        Source:  packages.Source{},
    },
    &packages.PkgInfo{
        Name:    "grub2-tools-efi",
        Arch:    "x86_64",
        RawArch: "x86_64",
        Version: "1:2.02-165.el8_10.rocky.0.1",
        Source:  packages.Source{},
    },
    &packages.PkgInfo{
        Name:    "grub2-tools-extra",
        Arch:    "x86_64",
        RawArch: "x86_64",
        Version: "1:2.02-165.el8_10.rocky.0.1",
        Source:  packages.Source{},
    },
    &packages.PkgInfo{
        Name:    "grub2-tools-minimal",
        Arch:    "x86_64",
        RawArch: "x86_64",
        Version: "1:2.02-165.el8_10.rocky.0.1",
        Source:  packages.Source{},
    },
    &packages.PkgInfo{
        Name:    "grubby",
        Arch:    "x86_64",
        RawArch: "x86_64",
        Version: "8.40-49.el8",
        Source:  packages.Source{},
    },
    &packages.PkgInfo{
        Name:    "hwdata",
        Arch:    "all",
        RawArch: "noarch",
        Version: "0.314-8.22.el8",
        Source:  packages.Source{},
    },
    &packages.PkgInfo{
        Name:    "iproute",
        Arch:    "x86_64",
        RawArch: "x86_64",
        Version: "6.2.0-6.el8_10",
        Source:  packages.Source{},
    },
    &packages.PkgInfo{
        Name:    "iptables",
        Arch:    "x86_64",
        RawArch: "x86_64",
        Version: "1.8.5-11.el8",
        Source:  packages.Source{},
    },
    &packages.PkgInfo{
        Name:    "iptables-ebtables",
        Arch:    "x86_64",
        RawArch: "x86_64",
        Version: "1.8.5-11.el8",
        Source:  packages.Source{},
    },
    &packages.PkgInfo{
        Name:    "iptables-libs",
        Arch:    "x86_64",
        RawArch: "x86_64",
        Version: "1.8.5-11.el8",
        Source:  packages.Source{},
    },
    &packages.PkgInfo{
        Name:    "iwl105-firmware",
        Arch:    "all",
        RawArch: "noarch",
        Version: "18.168.6.1-129.el8_10.1",
        Source:  packages.Source{},
    },
    &packages.PkgInfo{
        Name:    "iwl135-firmware",
        Arch:    "all",
        RawArch: "noarch",
        Version: "18.168.6.1-129.el8_10.1",
        Source:  packages.Source{},
    },
    &packages.PkgInfo{
        Name:    "iwl2000-firmware",
        Arch:    "all",
        RawArch: "noarch",
        Version: "18.168.6.1-129.el8_10.1",
        Source:  packages.Source{},
    },
    &packages.PkgInfo{
        Name:    "iwl2030-firmware",
        Arch:    "all",
        RawArch: "noarch",
        Version: "18.168.6.1-129.el8_10.1",
        Source:  packages.Source{},
    },
    &packages.PkgInfo{
        Name:    "iwl3160-firmware",
        Arch:    "all",
        RawArch: "noarch",
        Version: "1:25.30.13.0-129.el8_10.1",
        Source:  packages.Source{},
    },
    &packages.PkgInfo{
        Name:    "iwl7260-firmware",
        Arch:    "all",
        RawArch: "noarch",
        Version: "1:25.30.13.0-129.el8_10.1",
        Source:  packages.Source{},
    },
    &packages.PkgInfo{
        Name:    "kernel-tools",
        Arch:    "x86_64",
        RawArch: "x86_64",
        Version: "4.18.0-553.50.1.el8_10",
        Source:  packages.Source{},
    },
    &packages.PkgInfo{
        Name:    "kernel-tools-libs",
        Arch:    "x86_64",
        RawArch: "x86_64",
        Version: "4.18.0-553.50.1.el8_10",
        Source:  packages.Source{},
    },
    &packages.PkgInfo{
        Name:    "kexec-tools",
        Arch:    "x86_64",
        RawArch: "x86_64",
        Version: "2.0.26-14.el8_10.2",
        Source:  packages.Source{},
    },
    &packages.PkgInfo{
        Name:    "kmod",
        Arch:    "x86_64",
        RawArch: "x86_64",
        Version: "25-20.el8",
        Source:  packages.Source{},
    },
    &packages.PkgInfo{
        Name:    "kmod-libs",
        Arch:    "x86_64",
        RawArch: "x86_64",
        Version: "25-20.el8",
        Source:  packages.Source{},
    },
    &packages.PkgInfo{
        Name:    "kpartx",
        Arch:    "x86_64",
        RawArch: "x86_64",
        Version: "0.8.4-42.el8_10",
        Source:  packages.Source{},
    },
    &packages.PkgInfo{
        Name:    "krb5-libs",
        Arch:    "x86_64",
        RawArch: "x86_64",
        Version: "1.18.2-31.el8_10",
        Source:  packages.Source{},
    },
    &packages.PkgInfo{
        Name:    "less",
        Arch:    "x86_64",
        RawArch: "x86_64",
        Version: "530-3.el8_10",
        Source:  packages.Source{},
    },
    &packages.PkgInfo{
        Name:    "libacl",
        Arch:    "x86_64",
        RawArch: "x86_64",
        Version: "2.2.53-3.el8",
        Source:  packages.Source{},
    },
    &packages.PkgInfo{
        Name:    "libblkid",
        Arch:    "x86_64",
        RawArch: "x86_64",
        Version: "2.32.1-46.el8",
        Source:  packages.Source{},
    },
    &packages.PkgInfo{
        Name:    "libblockdev",
        Arch:    "x86_64",
        RawArch: "x86_64",
        Version: "2.28-6.el8",
        Source:  packages.Source{},
    },
    &packages.PkgInfo{
        Name:    "libblockdev-crypto",
        Arch:    "x86_64",
        RawArch: "x86_64",
        Version: "2.28-6.el8",
        Source:  packages.Source{},
    },
    &packages.PkgInfo{
        Name:    "libblockdev-fs",
        Arch:    "x86_64",
        RawArch: "x86_64",
        Version: "2.28-6.el8",
        Source:  packages.Source{},
    },
    &packages.PkgInfo{
        Name:    "libblockdev-loop",
        Arch:    "x86_64",
        RawArch: "x86_64",
        Version: "2.28-6.el8",
        Source:  packages.Source{},
    },
    &packages.PkgInfo{
        Name:    "libblockdev-mdraid",
        Arch:    "x86_64",
        RawArch: "x86_64",
        Version: "2.28-6.el8",
        Source:  packages.Source{},
    },
    &packages.PkgInfo{
        Name:    "libblockdev-part",
        Arch:    "x86_64",
        RawArch: "x86_64",
        Version: "2.28-6.el8",
        Source:  packages.Source{},
    },
    &packages.PkgInfo{
        Name:    "libblockdev-swap",
        Arch:    "x86_64",
        RawArch: "x86_64",
        Version: "2.28-6.el8",
        Source:  packages.Source{},
    },
    &packages.PkgInfo{
        Name:    "libblockdev-utils",
        Arch:    "x86_64",
        RawArch: "x86_64",
        Version: "2.28-6.el8",
        Source:  packages.Source{},
    },
    &packages.PkgInfo{
        Name:    "libcurl",
        Arch:    "x86_64",
        RawArch: "x86_64",
        Version: "7.61.1-34.el8_10.3",
        Source:  packages.Source{},
    },
    &packages.PkgInfo{
        Name:    "libdnf",
        Arch:    "x86_64",
        RawArch: "x86_64",
        Version: "0.63.0-21.el8_10",
        Source:  packages.Source{},
    },
    &packages.PkgInfo{
        Name:    "libfdisk",
        Arch:    "x86_64",
        RawArch: "x86_64",
        Version: "2.32.1-46.el8",
        Source:  packages.Source{},
    },
    &packages.PkgInfo{
        Name:    "libgcc",
        Arch:    "x86_64",
        RawArch: "x86_64",
        Version: "8.5.0-26.el8_10",
        Source:  packages.Source{},
    },
    &packages.PkgInfo{
        Name:    "libgomp",
        Arch:    "x86_64",
        RawArch: "x86_64",
        Version: "8.5.0-26.el8_10",
        Source:  packages.Source{},
    },
    &packages.PkgInfo{
        Name:    "libibverbs",
        Arch:    "x86_64",
        RawArch: "x86_64",
        Version: "48.0-1.el8",
        Source:  packages.Source{},
    },
    &packages.PkgInfo{
        Name:    "libkcapi",
        Arch:    "x86_64",
        RawArch: "x86_64",
        Version: "1.4.0-2.el8",
        Source:  packages.Source{},
    },
    &packages.PkgInfo{
        Name:    "libkcapi-hmaccalc",
        Arch:    "x86_64",
        RawArch: "x86_64",
        Version: "1.4.0-2.el8",
        Source:  packages.Source{},
    },
    &packages.PkgInfo{
        Name:    "libldb",
        Arch:    "x86_64",
        RawArch: "x86_64",
        Version: "2.8.0-1.el8_10",
        Source:  packages.Source{},
    },
    &packages.PkgInfo{
        Name:    "libmount",
        Arch:    "x86_64",
        RawArch: "x86_64",
        Version: "2.32.1-46.el8",
        Source:  packages.Source{},
    },
    &packages.PkgInfo{
        Name:    "libnghttp2",
        Arch:    "x86_64",
        RawArch: "x86_64",
        Version: "1.33.0-6.el8_10.1",
        Source:  packages.Source{},
    },
    &packages.PkgInfo{
        Name:    "librepo",
        Arch:    "x86_64",
        RawArch: "x86_64",
        Version: "1.14.2-5.el8",
        Source:  packages.Source{},
    },
    &packages.PkgInfo{
        Name:    "libselinux",
        Arch:    "x86_64",
        RawArch: "x86_64",
        Version: "2.9-10.el8_10",
        Source:  packages.Source{},
    },
    &packages.PkgInfo{
        Name:    "libselinux-utils",
        Arch:    "x86_64",
        RawArch: "x86_64",
        Version: "2.9-10.el8_10",
        Source:  packages.Source{},
    },
    &packages.PkgInfo{
        Name:    "libsemanage",
        Arch:    "x86_64",
        RawArch: "x86_64",
        Version: "2.9-11.el8_10",
        Source:  packages.Source{},
    },
    &packages.PkgInfo{
        Name:    "libsmartcols",
        Arch:    "x86_64",
        RawArch: "x86_64",
        Version: "2.32.1-46.el8",
        Source:  packages.Source{},
    },
    &packages.PkgInfo{
        Name:    "libsss_autofs",
        Arch:    "x86_64",
        RawArch: "x86_64",
        Version: "2.9.4-5.el8_10.1",
        Source:  packages.Source{},
    },
    &packages.PkgInfo{
        Name:    "libsss_certmap",
        Arch:    "x86_64",
        RawArch: "x86_64",
        Version: "2.9.4-5.el8_10.1",
        Source:  packages.Source{},
    },
    &packages.PkgInfo{
        Name:    "libsss_idmap",
        Arch:    "x86_64",
        RawArch: "x86_64",
        Version: "2.9.4-5.el8_10.1",
        Source:  packages.Source{},
    },
    &packages.PkgInfo{
        Name:    "libsss_nss_idmap",
        Arch:    "x86_64",
        RawArch: "x86_64",
        Version: "2.9.4-5.el8_10.1",
        Source:  packages.Source{},
    },
    &packages.PkgInfo{
        Name:    "libsss_sudo",
        Arch:    "x86_64",
        RawArch: "x86_64",
        Version: "2.9.4-5.el8_10.1",
        Source:  packages.Source{},
    },
    &packages.PkgInfo{
        Name:    "libstdc++",
        Arch:    "x86_64",
        RawArch: "x86_64",
        Version: "8.5.0-26.el8_10",
        Source:  packages.Source{},
    },
    &packages.PkgInfo{
        Name:    "libtalloc",
        Arch:    "x86_64",
        RawArch: "x86_64",
        Version: "2.4.1-0.el8",
        Source:  packages.Source{},
    },
    &packages.PkgInfo{
        Name:    "libtasn1",
        Arch:    "x86_64",
        RawArch: "x86_64",
        Version: "4.13-5.el8_10",
        Source:  packages.Source{},
    },
    &packages.PkgInfo{
        Name:    "libtdb",
        Arch:    "x86_64",
        RawArch: "x86_64",
        Version: "1.4.9-0.el8",
        Source:  packages.Source{},
    },
    &packages.PkgInfo{
        Name:    "libtirpc",
        Arch:    "x86_64",
        RawArch: "x86_64",
        Version: "1.1.4-12.el8_10",
        Source:  packages.Source{},
    },
    &packages.PkgInfo{
        Name:    "libuser",
        Arch:    "x86_64",
        RawArch: "x86_64",
        Version: "0.62-26.el8_10",
        Source:  packages.Source{},
    },
    &packages.PkgInfo{
        Name:    "libuuid",
        Arch:    "x86_64",
        RawArch: "x86_64",
        Version: "2.32.1-46.el8",
        Source:  packages.Source{},
    },
    &packages.PkgInfo{
        Name:    "libxml2",
        Arch:    "x86_64",
        RawArch: "x86_64",
        Version: "2.9.7-19.el8_10",
        Source:  packages.Source{},
    },
    &packages.PkgInfo{
        Name:    "linux-firmware",
        Arch:    "all",
        RawArch: "noarch",
        Version: "20250325-129.git710a336b.el8_10",
        Source:  packages.Source{},
    },
    &packages.PkgInfo{
        Name:    "mdadm",
        Arch:    "x86_64",
        RawArch: "x86_64",
        Version: "4.2-16.el8_10",
        Source:  packages.Source{},
    },
    &packages.PkgInfo{
        Name:    "nftables",
        Arch:    "x86_64",
        RawArch: "x86_64",
        Version: "1:1.0.4-7.el8_10",
        Source:  packages.Source{},
    },
    &packages.PkgInfo{
        Name:    "nss",
        Arch:    "x86_64",
        RawArch: "x86_64",
        Version: "3.101.0-11.el8_10",
        Source:  packages.Source{},
    },
    &packages.PkgInfo{
        Name:    "nss-softokn",
        Arch:    "x86_64",
        RawArch: "x86_64",
        Version: "3.101.0-11.el8_10",
        Source:  packages.Source{},
    },
    &packages.PkgInfo{
        Name:    "nss-softokn-freebl",
        Arch:    "x86_64",
        RawArch: "x86_64",
        Version: "3.101.0-11.el8_10",
        Source:  packages.Source{},
    },
    &packages.PkgInfo{
        Name:    "nss-sysinit",
        Arch:    "x86_64",
        RawArch: "x86_64",
        Version: "3.101.0-11.el8_10",
        Source:  packages.Source{},
    },
    &packages.PkgInfo{
        Name:    "nss-util",
        Arch:    "x86_64",
        RawArch: "x86_64",
        Version: "3.101.0-11.el8_10",
        Source:  packages.Source{},
    },
    &packages.PkgInfo{
        Name:    "numactl-libs",
        Arch:    "x86_64",
        RawArch: "x86_64",
        Version: "2.0.16-4.el8",
        Source:  packages.Source{},
    },
    &packages.PkgInfo{
        Name:    "openldap",
        Arch:    "x86_64",
        RawArch: "x86_64",
        Version: "2.4.46-21.el8_10",
        Source:  packages.Source{},
    },
    &packages.PkgInfo{
        Name:    "openssh",
        Arch:    "x86_64",
        RawArch: "x86_64",
        Version: "8.0p1-25.el8_10",
        Source:  packages.Source{},
    },
    &packages.PkgInfo{
        Name:    "openssh-clients",
        Arch:    "x86_64",
        RawArch: "x86_64",
        Version: "8.0p1-25.el8_10",
        Source:  packages.Source{},
    },
    &packages.PkgInfo{
        Name:    "openssh-server",
        Arch:    "x86_64",
        RawArch: "x86_64",
        Version: "8.0p1-25.el8_10",
        Source:  packages.Source{},
    },
    &packages.PkgInfo{
        Name:    "p11-kit",
        Arch:    "x86_64",
        RawArch: "x86_64",
        Version: "0.23.22-2.el8",
        Source:  packages.Source{},
    },
    &packages.PkgInfo{
        Name:    "p11-kit-trust",
        Arch:    "x86_64",
        RawArch: "x86_64",
        Version: "0.23.22-2.el8",
        Source:  packages.Source{},
    },
    &packages.PkgInfo{
        Name:    "platform-python-pip",
        Arch:    "all",
        RawArch: "noarch",
        Version: "9.0.3-24.el8.rocky.0",
        Source:  packages.Source{},
    },
    &packages.PkgInfo{
        Name:    "policycoreutils",
        Arch:    "x86_64",
        RawArch: "x86_64",
        Version: "2.9-26.el8_10",
        Source:  packages.Source{},
    },
    &packages.PkgInfo{
        Name:    "polkit",
        Arch:    "x86_64",
        RawArch: "x86_64",
        Version: "0.115-15.el8_10.2",
        Source:  packages.Source{},
    },
    &packages.PkgInfo{
        Name:    "polkit-libs",
        Arch:    "x86_64",
        RawArch: "x86_64",
        Version: "0.115-15.el8_10.2",
        Source:  packages.Source{},
    },
    &packages.PkgInfo{
        Name:    "python3-dnf",
        Arch:    "all",
        RawArch: "noarch",
        Version: "4.7.0-21.el8_10",
        Source:  packages.Source{},
    },
    &packages.PkgInfo{
        Name:    "python3-dnf-plugins-core",
        Arch:    "all",
        RawArch: "noarch",
        Version: "4.0.21-25.el8",
        Source:  packages.Source{},
    },
    &packages.PkgInfo{
        Name:    "python3-firewall",
        Arch:    "all",
        RawArch: "noarch",
        Version: "0.9.11-10.el8_10",
        Source:  packages.Source{},
    },
    &packages.PkgInfo{
        Name:    "python3-gpg",
        Arch:    "x86_64",
        RawArch: "x86_64",
        Version: "1.13.1-12.el8",
        Source:  packages.Source{},
    },
    &packages.PkgInfo{
        Name:    "python3-hawkey",
        Arch:    "x86_64",
        RawArch: "x86_64",
        Version: "0.63.0-21.el8_10",
        Source:  packages.Source{},
    },
    &packages.PkgInfo{
        Name:    "python3-libdnf",
        Arch:    "x86_64",
        RawArch: "x86_64",
        Version: "0.63.0-21.el8_10",
        Source:  packages.Source{},
    },
    &packages.PkgInfo{
        Name:    "python3-libselinux",
        Arch:    "x86_64",
        RawArch: "x86_64",
        Version: "2.9-10.el8_10",
        Source:  packages.Source{},
    },
    &packages.PkgInfo{
        Name:    "python3-linux-procfs",
        Arch:    "all",
        RawArch: "noarch",
        Version: "0.7.3-1.el8",
        Source:  packages.Source{},
    },
    &packages.PkgInfo{
        Name:    "python3-nftables",
        Arch:    "x86_64",
        RawArch: "x86_64",
        Version: "1:1.0.4-7.el8_10",
        Source:  packages.Source{},
    },
    &packages.PkgInfo{
        Name:    "python3-perf",
        Arch:    "x86_64",
        RawArch: "x86_64",
        Version: "4.18.0-553.50.1.el8_10",
        Source:  packages.Source{},
    },
    &packages.PkgInfo{
        Name:    "python3-pip",
        Arch:    "all",
        RawArch: "noarch",
        Version: "9.0.3-24.el8.rocky.0",
        Source:  packages.Source{},
    },
    &packages.PkgInfo{
        Name:    "python3-pip-wheel",
        Arch:    "all",
        RawArch: "noarch",
        Version: "9.0.3-24.el8.rocky.0",
        Source:  packages.Source{},
    },
    &packages.PkgInfo{
        Name:    "python3-rpm",
        Arch:    "x86_64",
        RawArch: "x86_64",
        Version: "4.14.3-32.el8_10",
        Source:  packages.Source{},
    },
    &packages.PkgInfo{
        Name:    "python3-syspurpose",
        Arch:    "x86_64",
        RawArch: "x86_64",
        Version: "1.28.42-1.el8.rocky.0.2",
        Source:  packages.Source{},
    },
    &packages.PkgInfo{
        Name:    "python36",
        Arch:    "x86_64",
        RawArch: "x86_64",
        Version: "3.6.8-39.module+el8.10.0+1910+234ad790",
        Source:  packages.Source{},
    },
    &packages.PkgInfo{
        Name:    "qemu-guest-agent",
        Arch:    "x86_64",
        RawArch: "x86_64",
        Version: "15:6.2.0-53.module+el8.10.0+1882+0c885e98.2",
        Source:  packages.Source{},
    },
    &packages.PkgInfo{
        Name:    "rocky-gpg-keys",
        Arch:    "all",
        RawArch: "noarch",
        Version: "8.10-1.10.el8",
        Source:  packages.Source{},
    },
    &packages.PkgInfo{
        Name:    "rocky-release",
        Arch:    "all",
        RawArch: "noarch",
        Version: "8.10-1.10.el8",
        Source:  packages.Source{},
    },
    &packages.PkgInfo{
        Name:    "rocky-repos",
        Arch:    "all",
        RawArch: "noarch",
        Version: "8.10-1.10.el8",
        Source:  packages.Source{},
    },
    &packages.PkgInfo{
        Name:    "rpm",
        Arch:    "x86_64",
        RawArch: "x86_64",
        Version: "4.14.3-32.el8_10",
        Source:  packages.Source{},
    },
    &packages.PkgInfo{
        Name:    "rpm-build-libs",
        Arch:    "x86_64",
        RawArch: "x86_64",
        Version: "4.14.3-32.el8_10",
        Source:  packages.Source{},
    },
    &packages.PkgInfo{
        Name:    "rpm-libs",
        Arch:    "x86_64",
        RawArch: "x86_64",
        Version: "4.14.3-32.el8_10",
        Source:  packages.Source{},
    },
    &packages.PkgInfo{
        Name:    "rpm-plugin-selinux",
        Arch:    "x86_64",
        RawArch: "x86_64",
        Version: "4.14.3-32.el8_10",
        Source:  packages.Source{},
    },
    &packages.PkgInfo{
        Name:    "rpm-plugin-systemd-inhibit",
        Arch:    "x86_64",
        RawArch: "x86_64",
        Version: "4.14.3-32.el8_10",
        Source:  packages.Source{},
    },
    &packages.PkgInfo{
        Name:    "rsyslog",
        Arch:    "x86_64",
        RawArch: "x86_64",
        Version: "8.2102.0-15.el8_10.1",
        Source:  packages.Source{},
    },
    &packages.PkgInfo{
        Name:    "selinux-policy",
        Arch:    "all",
        RawArch: "noarch",
        Version: "3.14.3-139.el8_10.1",
        Source:  packages.Source{},
    },
    &packages.PkgInfo{
        Name:    "selinux-policy-targeted",
        Arch:    "all",
        RawArch: "noarch",
        Version: "3.14.3-139.el8_10.1",
        Source:  packages.Source{},
    },
    &packages.PkgInfo{
        Name:    "setup",
        Arch:    "all",
        RawArch: "noarch",
        Version: "2.12.2-11.el8",
        Source:  packages.Source{},
    },
    &packages.PkgInfo{
        Name:    "shadow-utils",
        Arch:    "x86_64",
        RawArch: "x86_64",
        Version: "2:4.6-22.el8",
        Source:  packages.Source{},
    },
    &packages.PkgInfo{
        Name:    "shared-mime-info",
        Arch:    "x86_64",
        RawArch: "x86_64",
        Version: "1.9-4.el8",
        Source:  packages.Source{},
    },
    &packages.PkgInfo{
        Name:    "shim-x64",
        Arch:    "x86_64",
        RawArch: "x86_64",
        Version: "15.8-2.el8",
        Source:  packages.Source{},
    },
    &packages.PkgInfo{
        Name:    "sssd-client",
        Arch:    "x86_64",
        RawArch: "x86_64",
        Version: "2.9.4-5.el8_10.1",
        Source:  packages.Source{},
    },
    &packages.PkgInfo{
        Name:    "sssd-common",
        Arch:    "x86_64",
        RawArch: "x86_64",
        Version: "2.9.4-5.el8_10.1",
        Source:  packages.Source{},
    },
    &packages.PkgInfo{
        Name:    "sssd-kcm",
        Arch:    "x86_64",
        RawArch: "x86_64",
        Version: "2.9.4-5.el8_10.1",
        Source:  packages.Source{},
    },
    &packages.PkgInfo{
        Name:    "sssd-nfs-idmap",
        Arch:    "x86_64",
        RawArch: "x86_64",
        Version: "2.9.4-5.el8_10.1",
        Source:  packages.Source{},
    },
    &packages.PkgInfo{
        Name:    "sudo",
        Arch:    "x86_64",
        RawArch: "x86_64",
        Version: "1.9.5p2-1.el8_9",
        Source:  packages.Source{},
    },
    &packages.PkgInfo{
        Name:    "systemd",
        Arch:    "x86_64",
        RawArch: "x86_64",
        Version: "239-82.el8_10.5",
        Source:  packages.Source{},
    },
    &packages.PkgInfo{
        Name:    "systemd-libs",
        Arch:    "x86_64",
        RawArch: "x86_64",
        Version: "239-82.el8_10.5",
        Source:  packages.Source{},
    },
    &packages.PkgInfo{
        Name:    "systemd-pam",
        Arch:    "x86_64",
        RawArch: "x86_64",
        Version: "239-82.el8_10.5",
        Source:  packages.Source{},
    },
    &packages.PkgInfo{
        Name:    "systemd-udev",
        Arch:    "x86_64",
        RawArch: "x86_64",
        Version: "239-82.el8_10.5",
        Source:  packages.Source{},
    },
    &packages.PkgInfo{
        Name:    "tpm2-tss",
        Arch:    "x86_64",
        RawArch: "x86_64",
        Version: "2.3.2-6.el8",
        Source:  packages.Source{},
    },
    &packages.PkgInfo{
        Name:    "trousers",
        Arch:    "x86_64",
        RawArch: "x86_64",
        Version: "0.3.15-2.el8",
        Source:  packages.Source{},
    },
    &packages.PkgInfo{
        Name:    "trousers-lib",
        Arch:    "x86_64",
        RawArch: "x86_64",
        Version: "0.3.15-2.el8",
        Source:  packages.Source{},
    },
    &packages.PkgInfo{
        Name:    "tuned",
        Arch:    "all",
        RawArch: "noarch",
        Version: "2.22.1-6.el8_10",
        Source:  packages.Source{},
    },
    &packages.PkgInfo{
        Name:    "tzdata",
        Arch:    "all",
        RawArch: "noarch",
        Version: "2025b-1.el8",
        Source:  packages.Source{},
    },
    &packages.PkgInfo{
        Name:    "util-linux",
        Arch:    "x86_64",
        RawArch: "x86_64",
        Version: "2.32.1-46.el8",
        Source:  packages.Source{},
    },
    &packages.PkgInfo{
        Name:    "yum",
        Arch:    "all",
        RawArch: "noarch",
        Version: "4.7.0-21.el8_10",
        Source:  packages.Source{},
    },
    &packages.PkgInfo{
        Name:    "zlib",
        Arch:    "x86_64",
        RawArch: "x86_64",
        Version: "1.2.11-26.el8",
        Source:  packages.Source{},
    },
    &packages.PkgInfo{
        Name:    "google-cloud-cli-anthoscli",
        Arch:    "x86_64",
        RawArch: "x86_64",
        Version: "518.0.0-1",
        Source:  packages.Source{},
    },
    &packages.PkgInfo{
        Name:    "jq",
        Arch:    "x86_64",
        RawArch: "x86_64",
        Version: "1.6-9.el8_10",
        Source:  packages.Source{},
    },
    &packages.PkgInfo{
        Name:    "oniguruma",
        Arch:    "x86_64",
        RawArch: "x86_64",
        Version: "6.8.2-3.el8",
        Source:  packages.Source{},
    },
}