[]*packages.PkgInfo{
    &packages.PkgInfo{
        Name:    "autofs",
        Arch:    "x86_64",
        RawArch: "",
        Version: "5.1.3-3.17.1",
        Source:  packages.Source{},
    },
    &packages.PkgInfo{
        Name:    "containerd",
        Arch:    "x86_64",
        RawArch: "",
        Version: "1.7.8-16.88.1",
        Source:  packages.Source{},
    },
    &packages.PkgInfo{
        Name:    "curl",
        Arch:    "x86_64",
        RawArch: "",
        Version: "8.0.1-11.80.1",
        Source:  packages.Source{},
    },
    &packages.PkgInfo{
        Name:    "docker",
        Arch:    "x86_64",
        RawArch: "",
        Version: "24.0.7_ce-98.103.1",
        Source:  packages.Source{},
    },
    &packages.PkgInfo{
        Name:    "libavahi-client3",
        Arch:    "x86_64",
        RawArch: "",
        Version: "0.6.32-32.21.1",
        Source:  packages.Source{},
    },
    &packages.PkgInfo{
        Name:    "libavahi-common3",
        Arch:    "x86_64",
        RawArch: "",
        Version: "0.6.32-32.21.1",
        Source:  packages.Source{},
    },
    &packages.PkgInfo{
        Name:    "libcurl4",
        Arch:    "x86_64",
        RawArch: "",
        Version: "8.0.1-11.80.1",
        Source:  packages.Source{},
    },
    &packages.PkgInfo{
        Name:    "libgcc_s1",
        Arch:    "x86_64",
        RawArch: "",
        Version: "13.2.1+git7813-1.10.1",
        Source:  packages.Source{},
    },
    &packages.PkgInfo{
        Name:    "libopenssl1_0_0",
        Arch:    "x86_64",
        RawArch: "",
        Version: "1.0.2p-3.87.1",
        Source:  packages.Source{},
    },
    &packages.PkgInfo{
        Name:    "libopenssl1_1",
        Arch:    "x86_64",
        RawArch: "",
        Version: "1.1.1d-2.101.1",
        Source:  packages.Source{},
    },
    &packages.PkgInfo{
        Name:    "libsqlite3-0",
        Arch:    "x86_64",
        RawArch: "",
        Version: "3.44.0-9.29.1",
        Source:  packages.Source{},
    },
    &packages.PkgInfo{
        Name:    "libstdc++6",
        Arch:    "x86_64",
        RawArch: "",
        Version: "13.2.1+git7813-1.10.1",
        Source:  packages.Source{},
    },
    &packages.PkgInfo{
        Name:    "libxml2-2",
        Arch:    "x86_64",
        RawArch: "",
        Version: "2.9.4-46.68.2",
        Source:  packages.Source{},
    },
    &packages.PkgInfo{
        Name:    "openssl-1_0_0",
        Arch:    "x86_64",
        RawArch: "",
        Version: "1.0.2p-3.87.1",
        Source:  packages.Source{},
    },
    &packages.PkgInfo{
        Name:    "python3-six",
        Arch:    "all",
        RawArch: "",
        Version: "1.14.0-13.10.3",
        Source:  packages.Source{},
    },
    &packages.PkgInfo{
        Name:    "python3-urllib3",
        Arch:    "all",
        RawArch: "",
        Version: "1.25.10-3.37.1",
        Source:  packages.Source{},
    },
    &packages.PkgInfo{
        Name:    "rsyslog",
        Arch:    "x86_64",
        RawArch: "",
        Version: "8.2106.0-8.17.4",
        Source:  packages.Source{},
    },
    &packages.PkgInfo{
        Name:    "runc",
        Arch:    "x86_64",
        RawArch: "",
        Version: "1.1.10-16.40.1",
        Source:  packages.Source{},
    },
    &packages.PkgInfo{
        Name:    "sqlite3-tcl",
        Arch:    "x86_64",
        RawArch: "",
        Version: "3.44.0-9.29.1",
        Source:  packages.Source{},
    },
    &packages.PkgInfo{
        Name:    "vim",
        Arch:    "x86_64",
        RawArch: "",
        Version: "9.0.2103-17.26.1",
        Source:  packages.Source{},
    },
    &packages.PkgInfo{
        Name:    "vim-data-common",
        Arch:    "all",
        RawArch: "",
        Version: "9.0.2103-17.26.1",
        Source:  packages.Source{},
    },
}