[]*packages.ZypperPatch{
    &packages.ZypperPatch{Name:"SUSE-SLE-Module-Basesystem-15-SP5-2023-3716", Category:"recommended", Severity:"moderate", Summary:"Recommended update for libnvme, nvme-cli"},
    &packages.ZypperPatch{Name:"SUSE-SLE-Module-Basesystem-15-SP5-2023-3717", Category:"recommended", Severity:"moderate", Summary:"Recommended update for apparmor"},
    &packages.ZypperPatch{Name:"SUSE-SLE-Module-Basesystem-15-SP5-2023-3780", Category:"recommended", Severity:"moderate", Summary:"Recommended update hidapi"},
    &packages.ZypperPatch{Name:"SUSE-SLE-Module-Basesystem-15-SP5-2023-3814", Category:"recommended", Severity:"moderate", Summary:"Recommended update for glibc"},
    &packages.ZypperPatch{Name:"SUSE-SLE-Module-Basesystem-15-SP5-2023-3821", Category:"security", Severity:"important", Summary:"Security update for bind"},
    &packages.ZypperPatch{Name:"SUSE-SLE-Module-Basesystem-15-SP5-2023-3822", Category:"security", Severity:"moderate", Summary:"Security update for supportutils"},
    &packages.ZypperPatch{Name:"SUSE-SLE-Module-Basesystem-15-SP5-2023-3823", Category:"security", Severity:"important", Summary:"Security update for curl"},
    &packages.ZypperPatch{Name:"SUSE-SLE-Module-Basesystem-15-SP5-2023-3825", Category:"security", Severity:"important", Summary:"Security update for binutils"},
    &packages.ZypperPatch{Name:"SUSE-SLE-Module-Basesystem-15-SP5-2023-3828", Category:"security", Severity:"important", Summary:"Security update for python3"},
    &packages.ZypperPatch{Name:"SUSE-SLE-Module-Basesystem-15-SP5-2023-3831", Category:"security", Severity:"important", Summary:"Security update for xen"},
    &packages.ZypperPatch{Name:"SUSE-SLE-Module-Basesystem-15-SP5-2023-3843", Category:"recommended", Severity:"important", Summary:"Recommended update for suse-build-key"},
    &packages.ZypperPatch{Name:"SUSE-SLE-Module-Basesystem-15-SP5-2023-3951", Category:"recommended", Severity:"moderate", Summary:"Recommended update for python3-jmespath, python3-ply"},
    &packages.ZypperPatch{Name:"SUSE-SLE-Module-Basesystem-15-SP5-2023-3954", Category:"security", Severity:"important", Summary:"Security update for libeconf"},
    &packages.ZypperPatch{Name:"SUSE-SLE-Module-Basesystem-15-SP5-2023-3963", Category:"security", Severity:"moderate", Summary:"Security update for libX11"},
    &packages.ZypperPatch{Name:"SUSE-SLE-Module-Basesystem-15-SP5-2023-3970", Category:"recommended", Severity:"moderate", Summary:"Recommended update for dracut"},
    &packages.ZypperPatch{Name:"SUSE-SLE-Module-Basesystem-15-SP5-2023-3971", Category:"security", Severity:"important", Summary:"Security update for the Linux Kernel"},
    &packages.ZypperPatch{Name:"SUSE-SLE-Module-Basesystem-15-SP5-2023-3973", Category:"recommended", Severity:"moderate", Summary:"Recommended update for zypper"},
    &packages.ZypperPatch{Name:"SUSE-SLE-Module-Basesystem-15-SP5-2023-3978", Category:"recommended", Severity:"moderate", Summary:"Recommended update for nfs-utils"},
    &packages.ZypperPatch{Name:"SUSE-SLE-Module-Basesystem-15-SP5-2023-3985", Category:"recommended", Severity:"important", Summary:"Recommended update for suse-module-tools"},
    &packages.ZypperPatch{Name:"SUSE-SLE-Module-Basesystem-15-SP5-2023-3997", Category:"security", Severity:"important", Summary:"Security update for nghttp2"},
    &packages.ZypperPatch{Name:"SUSE-SLE-Module-Basesystem-15-SP5-2023-4003", Category:"recommended", Severity:"moderate", Summary:"Recommended update for apparmor"},
    &packages.ZypperPatch{Name:"SUSE-SLE-Module-Basesystem-15-SP5-2023-4024", Category:"security", Severity:"low", Summary:"Security update for shadow"},
    &packages.ZypperPatch{Name:"SUSE-SLE-Module-Basesystem-15-SP5-2023-4044", Category:"security", Severity:"important", Summary:"Security update for curl"},
    &packages.ZypperPatch{Name:"SUSE-SLE-Module-Basesystem-15-SP5-2023-4046", Category:"security", Severity:"important", Summary:"Security update for samba"},
    &packages.ZypperPatch{Name:"SUSE-SLE-Module-Basesystem-15-SP5-2023-4054", Category:"security", Severity:"important", Summary:"Security update for xen"},
    &packages.ZypperPatch{Name:"SUSE-SLE-Module-Basesystem-15-SP5-2023-4071", Category:"security", Severity:"important", Summary:"Security update for the Linux Kernel"},
    &packages.ZypperPatch{Name:"SUSE-SLE-Module-Basesystem-15-SP5-2023-4073", Category:"recommended", Severity:"low", Summary:"Recommended update for rpm"},
    &packages.ZypperPatch{Name:"SUSE-SLE-Module-Basesystem-15-SP5-2023-4105", Category:"recommended", Severity:"moderate", Summary:"Recommended update for openssl-1_1"},
    &packages.ZypperPatch{Name:"SUSE-SLE-Module-Basesystem-15-SP5-2023-4108", Category:"security", Severity:"moderate", Summary:"Security update for python-urllib3"},
    &packages.ZypperPatch{Name:"SUSE-SLE-Module-Basesystem-15-SP5-2023-4110", Category:"security", Severity:"important", Summary:"Security update for glibc"},
    &packages.ZypperPatch{Name:"SUSE-SLE-Module-Basesystem-15-SP5-2023-4136", Category:"security", Severity:"important", Summary:"Security update for suse-module-tools"},
    &packages.ZypperPatch{Name:"SUSE-SLE-Module-Basesystem-15-SP5-2023-4138", Category:"recommended", Severity:"moderate", Summary:"Recommended update for systemd-rpm-macros"},
    &packages.ZypperPatch{Name:"SUSE-SLE-Module-Basesystem-15-SP5-2023-4141", Category:"security", Severity:"important", Summary:"Security update for grub2"},
    &packages.ZypperPatch{Name:"SUSE-SLE-Module-Basesystem-15-SP5-2023-4153", Category:"recommended", Severity:"moderate", Summary:"Recommended update for systemd"},
    &packages.ZypperPatch{Name:"SUSE-SLE-Module-Basesystem-15-SP5-2023-4154", Category:"recommended", Severity:"moderate", Summary:"Recommended update for aaa_base"},
    &packages.ZypperPatch{Name:"SUSE-SLE-Module-Basesystem-15-SP5-2023-4162", Category:"security", Severity:"important", Summary:"Security update for gcc13"},
    &packages.ZypperPatch{Name:"SUSE-SLE-Module-Basesystem-15-SP5-2023-4176", Category:"security", Severity:"important", Summary:"Security update for ruby2.5"},
    &packages.ZypperPatch{Name:"SUSE-SLE-Module-Basesystem-15-SP5-2023-4191", Category:"recommended", Severity:"moderate", Summary:"Recommended update for yast2-iscsi-client"},
    &packages.ZypperPatch{Name:"SUSE-SLE-Module-Basesystem-15-SP5-2023-4200", Category:"security", Severity:"important", Summary:"Security update for nghttp2"},
    &packages.ZypperPatch{Name:"SUSE-SLE-Module-Basesystem-15-SP5-2023-4215", Category:"security", Severity:"moderate", Summary:"Security update for zlib"},
    &packages.ZypperPatch{Name:"SUSE-SLE-Module-Basesystem-15-SP5-2023-4225", Category:"security", Severity:"important", Summary:"Security update for zchunk"},
    &packages.ZypperPatch{Name:"SUSE-SLE-Module-Basesystem-15-SP5-2023-4268", Category:"recommended", Severity:"important", Summary:"Recommended update for pciutils"},
    &packages.ZypperPatch{Name:"SUSE-SLE-Module-Basesystem-15-SP5-2023-4310", Category:"recommended", Severity:"moderate", Summary:"Recommended update for libtirpc"},
    &packages.ZypperPatch{Name:"SUSE-SLE-Module-Basesystem-15-SP5-2023-4375", Category:"security", Severity:"important", Summary:"Security update for the Linux Kernel"},
    &packages.ZypperPatch{Name:"SUSE-SLE-Module-Basesystem-15-SP5-2023-4450", Category:"recommended", Severity:"moderate", Summary:"Recommended update for crypto-policies"},
    &packages.ZypperPatch{Name:"SUSE-SLE-Module-Basesystem-15-SP5-2023-4457", Category:"recommended", Severity:"important", Summary:"Recommended update for nvme-cli"},
    &packages.ZypperPatch{Name:"SUSE-SLE-Module-Basesystem-15-SP5-2023-4458", Category:"security", Severity:"important", Summary:"Security update for gcc13"},
    &packages.ZypperPatch{Name:"SUSE-SLE-Module-Basesystem-15-SP5-2023-4460", Category:"recommended", Severity:"moderate", Summary:"Recommended update for rsyslog"},
    &packages.ZypperPatch{Name:"SUSE-SLE-Module-Basesystem-15-SP5-2023-4467", Category:"security", Severity:"moderate", Summary:"Security update for python-urllib3"},
    &packages.ZypperPatch{Name:"SUSE-SLE-Module-Basesystem-15-SP5-2023-4475", Category:"security", Severity:"important", Summary:"Security update for xen"},
    &packages.ZypperPatch{Name:"SUSE-SLE-Module-Basesystem-15-SP5-2023-4478", Category:"recommended", Severity:"moderate", Summary:"Recommended update for grub2"},
    &packages.ZypperPatch{Name:"SUSE-SLE-Module-Basesystem-15-SP5-2023-4503", Category:"security", Severity:"moderate", Summary:"Security update for avahi"},
    &packages.ZypperPatch{Name:"SUSE-SLE-Module-Basesystem-15-SP5-2023-4504", Category:"security", Severity:"moderate", Summary:"Security update for libxml2"},
    &packages.ZypperPatch{Name:"SUSE-SLE-Module-Basesystem-15-SP5-2023-4517", Category:"security", Severity:"moderate", Summary:"Security update for python3-setuptools"},
    &packages.ZypperPatch{Name:"SUSE-SLE-Module-Basesystem-15-SP5-2023-4518", Category:"security", Severity:"important", Summary:"Security update for openssl-1_1"},
    &packages.ZypperPatch{Name:"SUSE-SLE-Module-Basesystem-15-SP5-2023-4525", Category:"recommended", Severity:"moderate", Summary:"Recommended update for samba"},
    &packages.ZypperPatch{Name:"SUSE-SLE-Module-Basesystem-15-SP5-2023-4534", Category:"recommended", Severity:"moderate", Summary:"Recommended update for libzypp, zypper"},
    &packages.ZypperPatch{Name:"SUSE-SLE-Module-Basesystem-15-SP5-2023-4538", Category:"recommended", Severity:"moderate", Summary:"Recommended update for screen"},
    &packages.ZypperPatch{Name:"SUSE-SLE-Module-Basesystem-15-SP5-2023-4556", Category:"recommended", Severity:"moderate", Summary:"Recommended update for libstorage-ng"},
    &packages.ZypperPatch{Name:"SUSE-SLE-Module-Basesystem-15-SP5-2023-4557", Category:"security", Severity:"important", Summary:"Security update for vim"},
    &packages.ZypperPatch{Name:"SUSE-SLE-Module-Basesystem-15-SP5-2023-4601", Category:"recommended", Severity:"moderate", Summary:"Recommended update for suseconnect-ng"},
    &packages.ZypperPatch{Name:"SUSE-SLE-Module-Basesystem-15-SP5-2023-4615", Category:"recommended", Severity:"moderate", Summary:"Recommended update for icu"},
    &packages.ZypperPatch{Name:"SUSE-SLE-Module-Basesystem-15-SP5-2023-4619", Category:"security", Severity:"important", Summary:"Security update for sqlite3"},
    &packages.ZypperPatch{Name:"SUSE-SLE-Module-Basesystem-15-SP5-2023-4620", Category:"recommended", Severity:"moderate", Summary:"Recommended update for libhugetlbfs"},
    &packages.ZypperPatch{Name:"SUSE-SLE-Module-Basesystem-15-SP5-2023-4627", Category:"recommended", Severity:"moderate", Summary:"Recommended update for man-pages"},
    &packages.ZypperPatch{Name:"SUSE-SLE-Module-Basesystem-15-SP5-2023-4644", Category:"recommended", Severity:"moderate", Summary:"Recommended update for psmisc"},
    &packages.ZypperPatch{Name:"SUSE-SLE-Module-Basesystem-15-SP5-2023-4659", Category:"security", Severity:"moderate", Summary:"Security update for curl"},
    &packages.ZypperPatch{Name:"SUSE-SLE-Module-Basesystem-15-SP5-2023-4671", Category:"recommended", Severity:"moderate", Summary:"Recommended update for man"},
    &packages.ZypperPatch{Name:"SUSE-SLE-Module-Basesystem-15-SP5-2023-4672", Category:"security", Severity:"important", Summary:"Security update for suse-build-key"},
    &packages.ZypperPatch{Name:"SUSE-SLE-Module-Basesystem-15-SP5-2023-4685", Category:"recommended", Severity:"moderate", Summary:"Recommended update for yast2-storage-ng"},
    &packages.ZypperPatch{Name:"SUSE-SLE-Module-Basesystem-15-SP5-2023-4699", Category:"recommended", Severity:"moderate", Summary:"Recommended update for gpg2"},
    &packages.ZypperPatch{Name:"SUSE-SLE-Module-Basesystem-15-SP5-2023-4700", Category:"recommended", Severity:"moderate", Summary:"Recommended update for p11-kit"},
    &packages.ZypperPatch{Name:"SUSE-SLE-Module-Basesystem-15-SP5-2023-4703", Category:"recommended", Severity:"moderate", Summary:"Recommended update for dracut"},
    &packages.ZypperPatch{Name:"SUSE-SLE-Module-Basesystem-15-SP5-2023-4706", Category:"recommended", Severity:"moderate", Summary:"Recommended update for yast2-installation"},
    &packages.ZypperPatch{Name:"SUSE-SLE-Module-Public-Cloud-15-SP5-2023-4073", Category:"recommended", Severity:"low", Summary:"Recommended update for rpm"},
    &packages.ZypperPatch{Name:"SUSE-SLE-Module-Public-Cloud-15-SP5-2023-4304", Category:"recommended", Severity:"moderate", Summary:"Recommended update for cloud-regionsrv-client"},
    &packages.ZypperPatch{Name:"SUSE-SLE-Module-Public-Cloud-15-SP5-2023-4610", Category:"recommended", Severity:"moderate", Summary:"Recommended update for google-guest-configs"},
    &packages.ZypperPatch{Name:"SUSE-SLE-Module-Public-Cloud-15-SP5-2023-4670", Category:"recommended", Severity:"critical", Summary:"Recommended update for regionServiceClientConfigGCE"},
    &packages.ZypperPatch{Name:"SUSE-SLE-Product-SLES-15-SP5-2023-4223", Category:"recommended", Severity:"low", Summary:"Recommended update for release-notes-sles"},
    &packages.ZypperPatch{Name:"SUSE-SLE-Product-SLES-15-SP5-2023-4382", Category:"recommended", Severity:"important", Summary:"Recommended update for release-notes-sles"},
}