[]*packages.PkgInfo{
    &packages.PkgInfo{
        Name:    "aaa_base",
        Arch:    "x86_64",
        RawArch: "",
        Version: "84.87+git20180409.04c9dae-150300.10.6.2",
        Source:  packages.Source{},
    },
    &packages.PkgInfo{
        Name:    "aaa_base-extras",
        Arch:    "x86_64",
        RawArch: "",
        Version: "84.87+git20180409.04c9dae-150300.10.6.2",
        Source:  packages.Source{},
    },
    &packages.PkgInfo{
        Name:    "apparmor-parser",
        Arch:    "x86_64",
        RawArch: "",
        Version: "3.0.4-150500.11.9.1",
        Source:  packages.Source{},
    },
    &packages.PkgInfo{
        Name:    "bind-utils",
        Arch:    "x86_64",
        RawArch: "",
        Version: "9.16.44-150500.8.12.2",
        Source:  packages.Source{},
    },
    &packages.PkgInfo{
        Name:    "binutils",
        Arch:    "x86_64",
        RawArch: "",
        Version: "2.41-150100.7.46.1",
        Source:  packages.Source{},
    },
    &packages.PkgInfo{
        Name:    "cloud-regionsrv-client",
        Arch:    "all",
        RawArch: "",
        Version: "10.1.3-150000.6.99.1",
        Source:  packages.Source{},
    },
    &packages.PkgInfo{
        Name:    "cloud-regionsrv-client-plugin-gce",
        Arch:    "all",
        RawArch: "",
        Version: "1.0.0-150000.6.99.1",
        Source:  packages.Source{},
    },
    &packages.PkgInfo{
        Name:    "crypto-policies",
        Arch:    "all",
        RawArch: "",
        Version: "20210917.c9d86d1-150400.3.6.1",
        Source:  packages.Source{},
    },
    &packages.PkgInfo{
        Name:    "curl",
        Arch:    "x86_64",
        RawArch: "",
        Version: "8.0.1-150400.5.36.1",
        Source:  packages.Source{},
    },
    &packages.PkgInfo{
        Name:    "device-mapper",
        Arch:    "x86_64",
        RawArch: "",
        Version: "2.03.22_1.02.196-150500.7.9.1",
        Source:  packages.Source{},
    },
    &packages.PkgInfo{
        Name:    "dracut",
        Arch:    "x86_64",
        RawArch: "",
        Version: "055+suse.375.g1167ed75-150500.3.15.1",
        Source:  packages.Source{},
    },
    &packages.PkgInfo{
        Name:    "glibc",
        Arch:    "x86_64",
        RawArch: "",
        Version: "2.31-150300.63.1",
        Source:  packages.Source{},
    },
    &packages.PkgInfo{
        Name:    "glibc-i18ndata",
        Arch:    "all",
        RawArch: "",
        Version: "2.31-150300.63.1",
        Source:  packages.Source{},
    },
    &packages.PkgInfo{
        Name:    "glibc-locale",
        Arch:    "x86_64",
        RawArch: "",
        Version: "2.31-150300.63.1",
        Source:  packages.Source{},
    },
    &packages.PkgInfo{
        Name:    "glibc-locale-base",
        Arch:    "x86_64",
        RawArch: "",
        Version: "2.31-150300.63.1",
        Source:  packages.Source{},
    },
    &packages.PkgInfo{
        Name:    "google-guest-configs",
        Arch:    "all",
        RawArch: "",
        Version: "20230808.00-150400.13.6.1",
        Source:  packages.Source{},
    },
    &packages.PkgInfo{
        Name:    "gpg2",
        Arch:    "x86_64",
        RawArch: "",
        Version: "2.2.27-150300.3.8.1",
        Source:  packages.Source{},
    },
    &packages.PkgInfo{
        Name:    "groff",
        Arch:    "x86_64",
        RawArch: "",
        Version: "1.22.4-150400.5.2.1",
        Source:  packages.Source{},
    },
    &packages.PkgInfo{
        Name:    "grub2",
        Arch:    "x86_64",
        RawArch: "",
        Version: "2.06-150500.29.11.1",
        Source:  packages.Source{},
    },
    &packages.PkgInfo{
        Name:    "grub2-i386-pc",
        Arch:    "all",
        RawArch: "",
        Version: "2.06-150500.29.11.1",
        Source:  packages.Source{},
    },
    &packages.PkgInfo{
        Name:    "grub2-x86_64-efi",
        Arch:    "all",
        RawArch: "",
        Version: "2.06-150500.29.11.1",
        Source:  packages.Source{},
    },
    &packages.PkgInfo{
        Name:    "kernel-default",
        Arch:    "x86_64",
        RawArch: "",
        Version: "5.14.21-150500.55.36.1",
        Source:  packages.Source{},
    },
    &packages.PkgInfo{
        Name:    "libapparmor1",
        Arch:    "x86_64",
        RawArch: "",
        Version: "3.0.4-150500.11.9.1",
        Source:  packages.Source{},
    },
    &packages.PkgInfo{
        Name:    "libavahi-client3",
        Arch:    "x86_64",
        RawArch: "",
        Version: "0.8-150400.7.10.1",
        Source:  packages.Source{},
    },
    &packages.PkgInfo{
        Name:    "libavahi-common3",
        Arch:    "x86_64",
        RawArch: "",
        Version: "0.8-150400.7.10.1",
        Source:  packages.Source{},
    },
    &packages.PkgInfo{
        Name:    "libctf-nobfd0",
        Arch:    "x86_64",
        RawArch: "",
        Version: "2.41-150100.7.46.1",
        Source:  packages.Source{},
    },
    &packages.PkgInfo{
        Name:    "libctf0",
        Arch:    "x86_64",
        RawArch: "",
        Version: "2.41-150100.7.46.1",
        Source:  packages.Source{},
    },
    &packages.PkgInfo{
        Name:    "libcurl4",
        Arch:    "x86_64",
        RawArch: "",
        Version: "8.0.1-150400.5.36.1",
        Source:  packages.Source{},
    },
    &packages.PkgInfo{
        Name:    "libdevmapper-event1_03",
        Arch:    "x86_64",
        RawArch: "",
        Version: "2.03.22_1.02.196-150500.7.9.1",
        Source:  packages.Source{},
    },
    &packages.PkgInfo{
        Name:    "libdevmapper1_03",
        Arch:    "x86_64",
        RawArch: "",
        Version: "2.03.22_1.02.196-150500.7.9.1",
        Source:  packages.Source{},
    },
    &packages.PkgInfo{
        Name:    "libeconf0",
        Arch:    "x86_64",
        RawArch: "",
        Version: "0.5.2-150400.3.6.1",
        Source:  packages.Source{},
    },
    &packages.PkgInfo{
        Name:    "libgcc_s1",
        Arch:    "x86_64",
        RawArch: "",
        Version: "13.2.1+git7813-150000.1.6.1",
        Source:  packages.Source{},
    },
    &packages.PkgInfo{
        Name:    "libhidapi-hidraw0",
        Arch:    "x86_64",
        RawArch: "",
        Version: "0.10.1-150300.3.2.1",
        Source:  packages.Source{},
    },
    &packages.PkgInfo{
        Name:    "libhugetlbfs",
        Arch:    "x86_64",
        RawArch: "",
        Version: "2.20-150000.3.8.1",
        Source:  packages.Source{},
    },
    &packages.PkgInfo{
        Name:    "libicu-suse65_1",
        Arch:    "x86_64",
        RawArch: "",
        Version: "65.1-150200.4.10.1",
        Source:  packages.Source{},
    },
    &packages.PkgInfo{
        Name:    "libicu65_1-ledata",
        Arch:    "all",
        RawArch: "",
        Version: "65.1-150200.4.10.1",
        Source:  packages.Source{},
    },
    &packages.PkgInfo{
        Name:    "liblvm2cmd2_03",
        Arch:    "x86_64",
        RawArch: "",
        Version: "2.03.22-150500.7.9.1",
        Source:  packages.Source{},
    },
    &packages.PkgInfo{
        Name:    "libnghttp2-14",
        Arch:    "x86_64",
        RawArch: "",
        Version: "1.40.0-150200.12.1",
        Source:  packages.Source{},
    },
    &packages.PkgInfo{
        Name:    "libnvme-mi1",
        Arch:    "x86_64",
        RawArch: "",
        Version: "1.4+29.ga3cf0a-150500.4.9.1",
        Source:  packages.Source{},
    },
    &packages.PkgInfo{
        Name:    "libnvme1",
        Arch:    "x86_64",
        RawArch: "",
        Version: "1.4+29.ga3cf0a-150500.4.9.1",
        Source:  packages.Source{},
    },
    &packages.PkgInfo{
        Name:    "libopenssl1_1",
        Arch:    "x86_64",
        RawArch: "",
        Version: "1.1.1l-150500.17.22.1",
        Source:  packages.Source{},
    },
    &packages.PkgInfo{
        Name:    "libp11-kit0",
        Arch:    "x86_64",
        RawArch: "",
        Version: "0.23.22-150500.8.3.1",
        Source:  packages.Source{},
    },
    &packages.PkgInfo{
        Name:    "libpci3",
        Arch:    "x86_64",
        RawArch: "",
        Version: "3.5.6-150300.13.6.1",
        Source:  packages.Source{},
    },
    &packages.PkgInfo{
        Name:    "libpipeline1",
        Arch:    "x86_64",
        RawArch: "",
        Version: "1.4.1-150000.3.2.1",
        Source:  packages.Source{},
    },
    &packages.PkgInfo{
        Name:    "libpython3_6m1_0",
        Arch:    "x86_64",
        RawArch: "",
        Version: "3.6.15-150300.10.51.1",
        Source:  packages.Source{},
    },
    &packages.PkgInfo{
        Name:    "libruby2_5-2_5",
        Arch:    "x86_64",
        RawArch: "",
        Version: "2.5.9-150000.4.29.1",
        Source:  packages.Source{},
    },
    &packages.PkgInfo{
        Name:    "libsqlite3-0",
        Arch:    "x86_64",
        RawArch: "",
        Version: "3.44.0-150000.3.23.1",
        Source:  packages.Source{},
    },
    &packages.PkgInfo{
        Name:    "libstdc++6",
        Arch:    "x86_64",
        RawArch: "",
        Version: "13.2.1+git7813-150000.1.6.1",
        Source:  packages.Source{},
    },
    &packages.PkgInfo{
        Name:    "libstorage-ng-ruby",
        Arch:    "x86_64",
        RawArch: "",
        Version: "4.5.101-150500.3.3.1",
        Source:  packages.Source{},
    },
    &packages.PkgInfo{
        Name:    "libstorage-ng1",
        Arch:    "x86_64",
        RawArch: "",
        Version: "4.5.101-150500.3.3.1",
        Source:  packages.Source{},
    },
    &packages.PkgInfo{
        Name:    "libsuseconnect",
        Arch:    "x86_64",
        RawArch: "",
        Version: "1.4.0~git0.b0f7c25bfdfa-150500.3.6.1",
        Source:  packages.Source{},
    },
    &packages.PkgInfo{
        Name:    "libsystemd0",
        Arch:    "x86_64",
        RawArch: "",
        Version: "249.16-150400.8.35.5",
        Source:  packages.Source{},
    },
    &packages.PkgInfo{
        Name:    "libtirpc-netconfig",
        Arch:    "x86_64",
        RawArch: "",
        Version: "1.3.4-150300.3.20.1",
        Source:  packages.Source{},
    },
    &packages.PkgInfo{
        Name:    "libtirpc3",
        Arch:    "x86_64",
        RawArch: "",
        Version: "1.3.4-150300.3.20.1",
        Source:  packages.Source{},
    },
    &packages.PkgInfo{
        Name:    "libudev1",
        Arch:    "x86_64",
        RawArch: "",
        Version: "249.16-150400.8.35.5",
        Source:  packages.Source{},
    },
    &packages.PkgInfo{
        Name:    "libX11-6",
        Arch:    "x86_64",
        RawArch: "",
        Version: "1.6.5-150000.3.33.1",
        Source:  packages.Source{},
    },
    &packages.PkgInfo{
        Name:    "libX11-data",
        Arch:    "all",
        RawArch: "",
        Version: "1.6.5-150000.3.33.1",
        Source:  packages.Source{},
    },
    &packages.PkgInfo{
        Name:    "libxml2-2",
        Arch:    "x86_64",
        RawArch: "",
        Version: "2.10.3-150500.5.11.1",
        Source:  packages.Source{},
    },
    &packages.PkgInfo{
        Name:    "libz1",
        Arch:    "x86_64",
        RawArch: "",
        Version: "1.2.13-150500.4.3.1",
        Source:  packages.Source{},
    },
    &packages.PkgInfo{
        Name:    "libzck1",
        Arch:    "x86_64",
        RawArch: "",
        Version: "1.1.16-150400.3.7.1",
        Source:  packages.Source{},
    },
    &packages.PkgInfo{
        Name:    "libzypp",
        Arch:    "x86_64",
        RawArch: "",
        Version: "17.31.22-150400.3.43.1",
        Source:  packages.Source{},
    },
    &packages.PkgInfo{
        Name:    "login_defs",
        Arch:    "all",
        RawArch: "",
        Version: "4.8.1-150400.10.12.1",
        Source:  packages.Source{},
    },
    &packages.PkgInfo{
        Name:    "lvm2",
        Arch:    "x86_64",
        RawArch: "",
        Version: "2.03.22-150500.7.9.1",
        Source:  packages.Source{},
    },
    &packages.PkgInfo{
        Name:    "man",
        Arch:    "x86_64",
        RawArch: "",
        Version: "2.7.6-150100.8.5.1",
        Source:  packages.Source{},
    },
    &packages.PkgInfo{
        Name:    "man-pages",
        Arch:    "all",
        RawArch: "",
        Version: "4.16-150300.13.5.1",
        Source:  packages.Source{},
    },
    &packages.PkgInfo{
        Name:    "nfs-client",
        Arch:    "x86_64",
        RawArch: "",
        Version: "2.1.1-150500.22.3.1",
        Source:  packages.Source{},
    },
    &packages.PkgInfo{
        Name:    "nfs-kernel-server",
        Arch:    "x86_64",
        RawArch: "",
        Version: "2.1.1-150500.22.3.1",
        Source:  packages.Source{},
    },
    &packages.PkgInfo{
        Name:    "nscd",
        Arch:    "x86_64",
        RawArch: "",
        Version: "2.31-150300.63.1",
        Source:  packages.Source{},
    },
    &packages.PkgInfo{
        Name:    "nvme-cli",
        Arch:    "x86_64",
        RawArch: "",
        Version: "2.4+31.gf7ec09-150500.4.12.1",
        Source:  packages.Source{},
    },
    &packages.PkgInfo{
        Name:    "openssl-1_1",
        Arch:    "x86_64",
        RawArch: "",
        Version: "1.1.1l-150500.17.22.1",
        Source:  packages.Source{},
    },
    &packages.PkgInfo{
        Name:    "p11-kit",
        Arch:    "x86_64",
        RawArch: "",
        Version: "0.23.22-150500.8.3.1",
        Source:  packages.Source{},
    },
    &packages.PkgInfo{
        Name:    "p11-kit-tools",
        Arch:    "x86_64",
        RawArch: "",
        Version: "0.23.22-150500.8.3.1",
        Source:  packages.Source{},
    },
    &packages.PkgInfo{
        Name:    "pciutils",
        Arch:    "x86_64",
        RawArch: "",
        Version: "3.5.6-150300.13.6.1",
        Source:  packages.Source{},
    },
    &packages.PkgInfo{
        Name:    "psmisc",
        Arch:    "x86_64",
        RawArch: "",
        Version: "23.0-150000.6.25.1",
        Source:  packages.Source{},
    },
    &packages.PkgInfo{
        Name:    "python3",
        Arch:    "x86_64",
        RawArch: "",
        Version: "3.6.15-150300.10.51.1",
        Source:  packages.Source{},
    },
    &packages.PkgInfo{
        Name:    "python3-base",
        Arch:    "x86_64",
        RawArch: "",
        Version: "3.6.15-150300.10.51.1",
        Source:  packages.Source{},
    },
    &packages.PkgInfo{
        Name:    "python3-bind",
        Arch:    "all",
        RawArch: "",
        Version: "9.16.44-150500.8.12.2",
        Source:  packages.Source{},
    },
    &packages.PkgInfo{
        Name:    "python3-cryptography",
        Arch:    "x86_64",
        RawArch: "",
        Version: "3.3.2-150400.20.3",
        Source:  packages.Source{},
    },
    &packages.PkgInfo{
        Name:    "python3-curses",
        Arch:    "x86_64",
        RawArch: "",
        Version: "3.6.15-150300.10.51.1",
        Source:  packages.Source{},
    },
    &packages.PkgInfo{
        Name:    "python3-ply",
        Arch:    "all",
        RawArch: "",
        Version: "3.10-150000.3.5.1",
        Source:  packages.Source{},
    },
    &packages.PkgInfo{
        Name:    "python3-requests",
        Arch:    "all",
        RawArch: "",
        Version: "2.25.1-150300.3.6.1",
        Source:  packages.Source{},
    },
    &packages.PkgInfo{
        Name:    "python3-rpm",
        Arch:    "x86_64",
        RawArch: "",
        Version: "4.14.3-150400.59.3.1",
        Source:  packages.Source{},
    },
    &packages.PkgInfo{
        Name:    "python3-setuptools",
        Arch:    "all",
        RawArch: "",
        Version: "44.1.1-150400.9.6.1",
        Source:  packages.Source{},
    },
    &packages.PkgInfo{
        Name:    "python3-urllib3",
        Arch:    "all",
        RawArch: "",
        Version: "1.25.10-150300.4.9.1",
        Source:  packages.Source{},
    },
    &packages.PkgInfo{
        Name:    "regionServiceClientConfigGCE",
        Arch:    "all",
        RawArch: "",
        Version: "4.0.1-150000.4.12.1",
        Source:  packages.Source{},
    },
    &packages.PkgInfo{
        Name:    "release-notes-sles",
        Arch:    "all",
        RawArch: "",
        Version: "15.5.20231106-150500.3.9.1",
        Source:  packages.Source{},
    },
    &packages.PkgInfo{
        Name:    "rpm-ndb",
        Arch:    "x86_64",
        RawArch: "",
        Version: "4.14.3-150400.59.3.1",
        Source:  packages.Source{},
    },
    &packages.PkgInfo{
        Name:    "rsyslog",
        Arch:    "x86_64",
        RawArch: "",
        Version: "8.2306.0-150400.5.21.1",
        Source:  packages.Source{},
    },
    &packages.PkgInfo{
        Name:    "ruby2.5",
        Arch:    "x86_64",
        RawArch: "",
        Version: "2.5.9-150000.4.29.1",
        Source:  packages.Source{},
    },
    &packages.PkgInfo{
        Name:    "ruby2.5-stdlib",
        Arch:    "x86_64",
        RawArch: "",
        Version: "2.5.9-150000.4.29.1",
        Source:  packages.Source{},
    },
    &packages.PkgInfo{
        Name:    "samba-client-libs",
        Arch:    "x86_64",
        RawArch: "",
        Version: "4.17.12+git.427.2619dc0bed-150500.3.14.1",
        Source:  packages.Source{},
    },
    &packages.PkgInfo{
        Name:    "screen",
        Arch:    "x86_64",
        RawArch: "",
        Version: "4.6.2-150000.5.5.1",
        Source:  packages.Source{},
    },
    &packages.PkgInfo{
        Name:    "shadow",
        Arch:    "x86_64",
        RawArch: "",
        Version: "4.8.1-150400.10.12.1",
        Source:  packages.Source{},
    },
    &packages.PkgInfo{
        Name:    "sqlite3-tcl",
        Arch:    "x86_64",
        RawArch: "",
        Version: "3.44.0-150000.3.23.1",
        Source:  packages.Source{},
    },
    &packages.PkgInfo{
        Name:    "supportutils",
        Arch:    "all",
        RawArch: "",
        Version: "3.1.26-150300.7.35.21.1",
        Source:  packages.Source{},
    },
    &packages.PkgInfo{
        Name:    "suse-build-key",
        Arch:    "all",
        RawArch: "",
        Version: "12.0-150000.8.37.1",
        Source:  packages.Source{},
    },
    &packages.PkgInfo{
        Name:    "suse-module-tools",
        Arch:    "x86_64",
        RawArch: "",
        Version: "15.5.3-150500.3.6.1",
        Source:  packages.Source{},
    },
    &packages.PkgInfo{
        Name:    "suseconnect-ng",
        Arch:    "x86_64",
        RawArch: "",
        Version: "1.4.0~git0.b0f7c25bfdfa-150500.3.6.1",
        Source:  packages.Source{},
    },
    &packages.PkgInfo{
        Name:    "suseconnect-ruby-bindings",
        Arch:    "x86_64",
        RawArch: "",
        Version: "1.4.0~git0.b0f7c25bfdfa-150500.3.6.1",
        Source:  packages.Source{},
    },
    &packages.PkgInfo{
        Name:    "system-group-hardware",
        Arch:    "all",
        RawArch: "",
        Version: "20170617-150400.24.2.1",
        Source:  packages.Source{},
    },
    &packages.PkgInfo{
        Name:    "system-group-kvm",
        Arch:    "all",
        RawArch: "",
        Version: "20170617-150400.24.2.1",
        Source:  packages.Source{},
    },
    &packages.PkgInfo{
        Name:    "system-group-wheel",
        Arch:    "all",
        RawArch: "",
        Version: "20170617-150400.24.2.1",
        Source:  packages.Source{},
    },
    &packages.PkgInfo{
        Name:    "system-user-mail",
        Arch:    "all",
        RawArch: "",
        Version: "20170617-150400.24.2.1",
        Source:  packages.Source{},
    },
    &packages.PkgInfo{
        Name:    "system-user-man",
        Arch:    "all",
        RawArch: "",
        Version: "20170617-150400.24.2.1",
        Source:  packages.Source{},
    },
    &packages.PkgInfo{
        Name:    "system-user-nobody",
        Arch:    "all",
        RawArch: "",
        Version: "20170617-150400.24.2.1",
        Source:  packages.Source{},
    },
    &packages.PkgInfo{
        Name:    "systemd",
        Arch:    "x86_64",
        RawArch: "",
        Version: "249.16-150400.8.35.5",
        Source:  packages.Source{},
    },
    &packages.PkgInfo{
        Name:    "systemd-rpm-macros",
        Arch:    "all",
        RawArch: "",
        Version: "14-150000.7.36.1",
        Source:  packages.Source{},
    },
    &packages.PkgInfo{
        Name:    "systemd-sysvinit",
        Arch:    "x86_64",
        RawArch: "",
        Version: "249.16-150400.8.35.5",
        Source:  packages.Source{},
    },
    &packages.PkgInfo{
        Name:    "udev",
        Arch:    "x86_64",
        RawArch: "",
        Version: "249.16-150400.8.35.5",
        Source:  packages.Source{},
    },
    &packages.PkgInfo{
        Name:    "vim",
        Arch:    "x86_64",
        RawArch: "",
        Version: "9.0.2103-150500.20.6.1",
        Source:  packages.Source{},
    },
    &packages.PkgInfo{
        Name:    "vim-data-common",
        Arch:    "all",
        RawArch: "",
        Version: "9.0.2103-150500.20.6.1",
        Source:  packages.Source{},
    },
    &packages.PkgInfo{
        Name:    "xen-libs",
        Arch:    "x86_64",
        RawArch: "",
        Version: "4.17.2_08-150500.3.15.1",
        Source:  packages.Source{},
    },
    &packages.PkgInfo{
        Name:    "yast2-installation",
        Arch:    "all",
        RawArch: "",
        Version: "4.5.18-150500.3.6.1",
        Source:  packages.Source{},
    },
    &packages.PkgInfo{
        Name:    "yast2-iscsi-client",
        Arch:    "all",
        RawArch: "",
        Version: "4.5.8-150500.3.3.1",
        Source:  packages.Source{},
    },
    &packages.PkgInfo{
        Name:    "yast2-storage-ng",
        Arch:    "x86_64",
        RawArch: "",
        Version: "4.5.25-150500.3.8.1",
        Source:  packages.Source{},
    },
    &packages.PkgInfo{
        Name:    "yast2-update",
        Arch:    "x86_64",
        RawArch: "",
        Version: "4.5.4-150500.3.3.1",
        Source:  packages.Source{},
    },
    &packages.PkgInfo{
        Name:    "zypper",
        Arch:    "x86_64",
        RawArch: "",
        Version: "1.14.66-150400.3.35.1",
        Source:  packages.Source{},
    },
}