[]*packages.PkgInfo{
    &packages.PkgInfo{
        Name:    "libpam0g",
        Arch:    "x86_64",
        RawArch: "",
        Version: "1.4.0-11ubuntu2.5",
        Source:  packages.Source{},
    },
    &packages.PkgInfo{
        Name:    "libpam-modules",
        Arch:    "x86_64",
        RawArch: "",
        Version: "1.4.0-11ubuntu2.5",
        Source:  packages.Source{},
    },
    &packages.PkgInfo{
        Name:    "libnss-systemd",
        Arch:    "x86_64",
        RawArch: "",
        Version: "249.11-0ubuntu3.15",
        Source:  packages.Source{},
    },
    &packages.PkgInfo{
        Name:    "systemd",
        Arch:    "x86_64",
        RawArch: "",
        Version: "249.11-0ubuntu3.15",
        Source:  packages.Source{},
    },
    &packages.PkgInfo{
        Name:    "udev",
        Arch:    "x86_64",
        RawArch: "",
        Version: "249.11-0ubuntu3.15",
        Source:  packages.Source{},
    },
    &packages.PkgInfo{
        Name:    "libudev1",
        Arch:    "x86_64",
        RawArch: "",
        Version: "249.11-0ubuntu3.15",
        Source:  packages.Source{},
    },
    &packages.PkgInfo{
        Name:    "libpam-runtime",
        Arch:    "all",
        RawArch: "",
        Version: "1.4.0-11ubuntu2.5",
        Source:  packages.Source{},
    },
    &packages.PkgInfo{
        Name:    "libdevmapper1.02.1",
        Arch:    "x86_64",
        RawArch: "",
        Version: "2:1.02.175-2.1ubuntu5",
        Source:  packages.Source{},
    },
    &packages.PkgInfo{
        Name:    "libcryptsetup12",
        Arch:    "x86_64",
        RawArch: "",
        Version: "2:2.4.3-1ubuntu1.3",
        Source:  packages.Source{},
    },
    &packages.PkgInfo{
        Name:    "libseccomp2",
        Arch:    "x86_64",
        RawArch: "",
        Version: "2.5.3-2ubuntu3~22.04.1",
        Source:  packages.Source{},
    },
    &packages.PkgInfo{
        Name:    "libdevmapper-event1.02.1",
        Arch:    "x86_64",
        RawArch: "",
        Version: "2:1.02.175-2.1ubuntu5",
        Source:  packages.Source{},
    },
    &packages.PkgInfo{
        Name:    "dmsetup",
        Arch:    "x86_64",
        RawArch: "",
        Version: "2:1.02.175-2.1ubuntu5",
        Source:  packages.Source{},
    },
    &packages.PkgInfo{
        Name:    "liblvm2cmd2.03",
        Arch:    "x86_64",
        RawArch: "",
        Version: "2.03.11-2.1ubuntu5",
        Source:  packages.Source{},
    },
    &packages.PkgInfo{
        Name:    "dmeventd",
        Arch:    "x86_64",
        RawArch: "",
        Version: "2:1.02.175-2.1ubuntu5",
        Source:  packages.Source{},
    },
    &packages.PkgInfo{
        Name:    "lvm2",
        Arch:    "x86_64",
        RawArch: "",
        Version: "2.03.11-2.1ubuntu5",
        Source:  packages.Source{},
    },
    &packages.PkgInfo{
        Name:    "libopeniscsiusr",
        Arch:    "x86_64",
        RawArch: "",
        Version: "2.1.5-1ubuntu1.1",
        Source:  packages.Source{},
    },
    &packages.PkgInfo{
        Name:    "open-iscsi",
        Arch:    "x86_64",
        RawArch: "",
        Version: "2.1.5-1ubuntu1.1",
        Source:  packages.Source{},
    },
    &packages.PkgInfo{
        Name:    "distro-info-data",
        Arch:    "all",
        RawArch: "",
        Version: "0.52ubuntu0.8",
        Source:  packages.Source{},
    },
    &packages.PkgInfo{
        Name:    "dmidecode",
        Arch:    "x86_64",
        RawArch: "",
        Version: "3.3-3ubuntu0.2",
        Source:  packages.Source{},
    },
    &packages.PkgInfo{
        Name:    "apt-transport-artifact-registry",
        Arch:    "x86_64",
        RawArch: "",
        Version: "1:20241017.00-g1",
        Source:  packages.Source{},
    },
    &packages.PkgInfo{
        Name:    "cryptsetup-initramfs",
        Arch:    "all",
        RawArch: "",
        Version: "2:2.4.3-1ubuntu1.3",
        Source:  packages.Source{},
    },
    &packages.PkgInfo{
        Name:    "cryptsetup-bin",
        Arch:    "x86_64",
        RawArch: "",
        Version: "2:2.4.3-1ubuntu1.3",
        Source:  packages.Source{},
    },
    &packages.PkgInfo{
        Name:    "cryptsetup",
        Arch:    "x86_64",
        RawArch: "",
        Version: "2:2.4.3-1ubuntu1.3",
        Source:  packages.Source{},
    },
    &packages.PkgInfo{
        Name:    "libpackagekit-glib2-18",
        Arch:    "x86_64",
        RawArch: "",
        Version: "1.2.5-2ubuntu3",
        Source:  packages.Source{},
    },
    &packages.PkgInfo{
        Name:    "gir1.2-packagekitglib-1.0",
        Arch:    "x86_64",
        RawArch: "",
        Version: "1.2.5-2ubuntu3",
        Source:  packages.Source{},
    },
    &packages.PkgInfo{
        Name:    "landscape-common",
        Arch:    "x86_64",
        RawArch: "",
        Version: "23.02-0ubuntu1~22.04.4",
        Source:  packages.Source{},
    },
    &packages.PkgInfo{
        Name:    "libldap-2.5-0",
        Arch:    "x86_64",
        RawArch: "",
        Version: "2.5.18+dfsg-0ubuntu0.22.04.3",
        Source:  packages.Source{},
    },
    &packages.PkgInfo{
        Name:    "libldap-common",
        Arch:    "all",
        RawArch: "",
        Version: "2.5.18+dfsg-0ubuntu0.22.04.3",
        Source:  packages.Source{},
    },
    &packages.PkgInfo{
        Name:    "libmbim-proxy",
        Arch:    "x86_64",
        RawArch: "",
        Version: "1.28.0-1~ubuntu20.04.2",
        Source:  packages.Source{},
    },
    &packages.PkgInfo{
        Name:    "libmbim-glib4",
        Arch:    "x86_64",
        RawArch: "",
        Version: "1.28.0-1~ubuntu20.04.2",
        Source:  packages.Source{},
    },
    &packages.PkgInfo{
        Name:    "packagekit-tools",
        Arch:    "x86_64",
        RawArch: "",
        Version: "1.2.5-2ubuntu3",
        Source:  packages.Source{},
    },
    &packages.PkgInfo{
        Name:    "packagekit",
        Arch:    "x86_64",
        RawArch: "",
        Version: "1.2.5-2ubuntu3",
        Source:  packages.Source{},
    },
    &packages.PkgInfo{
        Name:    "pollinate",
        Arch:    "all",
        RawArch: "",
        Version: "4.33-3ubuntu2.1",
        Source:  packages.Source{},
    },
    &packages.PkgInfo{
        Name:    "snapd",
        Arch:    "x86_64",
        RawArch: "",
        Version: "2.67.1+22.04",
        Source:  packages.Source{},
    },
    &packages.PkgInfo{
        Name:    "sosreport",
        Arch:    "x86_64",
        RawArch: "",
        Version: "4.8.2-0ubuntu0~22.04.1",
        Source:  packages.Source{},
    },
    &packages.PkgInfo{
        Name:    "xfsprogs",
        Arch:    "x86_64",
        RawArch: "",
        Version: "5.13.0-1ubuntu2.1",
        Source:  packages.Source{},
    },
    &packages.PkgInfo{
        Name:    "cloud-init",
        Arch:    "all",
        RawArch: "",
        Version: "24.4.1-0ubuntu0~22.04.2",
        Source:  packages.Source{},
    },
}