[]*packages.PkgInfo{
    &packages.PkgInfo{
        Name:    "open-iscsi",
        Arch:    "x86_64",
        RawArch: "",
        Version: "2.0.874-7.1ubuntu6.5",
        Source:  packages.Source{},
    },
    &packages.PkgInfo{
        Name:    "distro-info-data",
        Arch:    "all",
        RawArch: "",
        Version: "0.43ubuntu1.17",
        Source:  packages.Source{},
    },
    &packages.PkgInfo{
        Name:    "apt-transport-artifact-registry",
        Arch:    "x86_64",
        RawArch: "",
        Version: "1:20241017.00-g1",
        Source:  packages.Source{},
    },
    &packages.PkgInfo{
        Name:    "google-guest-agent",
        Arch:    "x86_64",
        RawArch: "",
        Version: "20241011.01-0ubuntu1~20.04.1",
        Source:  packages.Source{},
    },
    &packages.PkgInfo{
        Name:    "landscape-common",
        Arch:    "x86_64",
        RawArch: "",
        Version: "23.02-0ubuntu1~20.04.4",
        Source:  packages.Source{},
    },
    &packages.PkgInfo{
        Name:    "pollinate",
        Arch:    "all",
        RawArch: "",
        Version: "4.33-3ubuntu1.20.04.2",
        Source:  packages.Source{},
    },
    &packages.PkgInfo{
        Name:    "snapd",
        Arch:    "x86_64",
        RawArch: "",
        Version: "2.67.1+20.04",
        Source:  packages.Source{},
    },
    &packages.PkgInfo{
        Name:    "sosreport",
        Arch:    "x86_64",
        RawArch: "",
        Version: "4.8.2-0ubuntu0~20.04.1",
        Source:  packages.Source{},
    },
    &packages.PkgInfo{
        Name:    "xfsprogs",
        Arch:    "x86_64",
        RawArch: "",
        Version: "5.3.0-1ubuntu2.1",
        Source:  packages.Source{},
    },
    &packages.PkgInfo{
        Name:    "cloud-init",
        Arch:    "all",
        RawArch: "",
        Version: "24.4.1-0ubuntu0~20.04.2",
        Source:  packages.Source{},
    },
}