[]*packages.PkgInfo{
    &packages.PkgInfo{
        Name:    "motd-news-config",
        Arch:    "all",
        RawArch: "",
        Version: "13ubuntu10.2",
        Source:  packages.Source{},
    },
    &packages.PkgInfo{
        Name:    "perl",
        Arch:    "x86_64",
        RawArch: "",
        Version: "5.38.2-3.2build2.1",
        Source:  packages.Source{},
    },
    &packages.PkgInfo{
        Name:    "util-linux",
        Arch:    "x86_64",
        RawArch: "",
        Version: "2.39.3-9ubuntu6.2",
        Source:  packages.Source{},
    },
    &packages.PkgInfo{
        Name:    "mount",
        Arch:    "x86_64",
        RawArch: "",
        Version: "2.39.3-9ubuntu6.2",
        Source:  packages.Source{},
    },
    &packages.PkgInfo{
        Name:    "systemd-dev",
        Arch:    "all",
        RawArch: "",
        Version: "255.4-1ubuntu8.6",
        Source:  packages.Source{},
    },
    &packages.PkgInfo{
        Name:    "libkmod2",
        Arch:    "x86_64",
        RawArch: "",
        Version: "31+20240202-2ubuntu7.1",
        Source:  packages.Source{},
    },
    &packages.PkgInfo{
        Name:    "udev",
        Arch:    "x86_64",
        RawArch: "",
        Version: "255.4-1ubuntu8.6",
        Source:  packages.Source{},
    },
    &packages.PkgInfo{
        Name:    "libuuid1",
        Arch:    "x86_64",
        RawArch: "",
        Version: "2.39.3-9ubuntu6.2",
        Source:  packages.Source{},
    },
    &packages.PkgInfo{
        Name:    "libcryptsetup12",
        Arch:    "x86_64",
        RawArch: "",
        Version: "2:2.7.0-1ubuntu4.2",
        Source:  packages.Source{},
    },
    &packages.PkgInfo{
        Name:    "libsmartcols1",
        Arch:    "x86_64",
        RawArch: "",
        Version: "2.39.3-9ubuntu6.2",
        Source:  packages.Source{},
    },
    &packages.PkgInfo{
        Name:    "uuid-runtime",
        Arch:    "x86_64",
        RawArch: "",
        Version: "2.39.3-9ubuntu6.2",
        Source:  packages.Source{},
    },
    &packages.PkgInfo{
        Name:    "distro-info-data",
        Arch:    "all",
        RawArch: "",
        Version: "0.60ubuntu0.2",
        Source:  packages.Source{},
    },
    &packages.PkgInfo{
        Name:    "python3-problem-report",
        Arch:    "all",
        RawArch: "",
        Version: "2.28.1-0ubuntu3.5",
        Source:  packages.Source{},
    },
    &packages.PkgInfo{
        Name:    "grub-pc-bin",
        Arch:    "x86_64",
        RawArch: "",
        Version: "2.12-1ubuntu7.1",
        Source:  packages.Source{},
    },
    &packages.PkgInfo{
        Name:    "apport-core-dump-handler",
        Arch:    "all",
        RawArch: "",
        Version: "2.28.1-0ubuntu3.5",
        Source:  packages.Source{},
    },
    &packages.PkgInfo{
        Name:    "libopeniscsiusr",
        Arch:    "x86_64",
        RawArch: "",
        Version: "2.1.9-3ubuntu5.3",
        Source:  packages.Source{},
    },
    &packages.PkgInfo{
        Name:    "openssh-sftp-server",
        Arch:    "x86_64",
        RawArch: "",
        Version: "1:9.6p1-3ubuntu13.9",
        Source:  packages.Source{},
    },
    &packages.PkgInfo{
        Name:    "openssh-client",
        Arch:    "x86_64",
        RawArch: "",
        Version: "1:9.6p1-3ubuntu13.9",
        Source:  packages.Source{},
    },
    &packages.PkgInfo{
        Name:    "libattr1",
        Arch:    "x86_64",
        RawArch: "",
        Version: "1:2.5.2-1build1.1",
        Source:  packages.Source{},
    },
    &packages.PkgInfo{
        Name:    "libgmp10",
        Arch:    "x86_64",
        RawArch: "",
        Version: "2:6.3.0+dfsg-2ubuntu6.1",
        Source:  packages.Source{},
    },
    &packages.PkgInfo{
        Name:    "libgpg-error-l10n",
        Arch:    "all",
        RawArch: "",
        Version: "1.47-3build2.1",
        Source:  packages.Source{},
    },
    &packages.PkgInfo{
        Name:    "eject",
        Arch:    "x86_64",
        RawArch: "",
        Version: "2.39.3-9ubuntu6.2",
        Source:  packages.Source{},
    },
    &packages.PkgInfo{
        Name:    "netplan-generator",
        Arch:    "x86_64",
        RawArch: "",
        Version: "1.1.1-1~ubuntu24.04.1",
        Source:  packages.Source{},
    },
    &packages.PkgInfo{
        Name:    "ubuntu-minimal",
        Arch:    "x86_64",
        RawArch: "",
        Version: "1.539.2",
        Source:  packages.Source{},
    },
    &packages.PkgInfo{
        Name:    "initramfs-tools",
        Arch:    "all",
        RawArch: "",
        Version: "0.142ubuntu25.5",
        Source:  packages.Source{},
    },
    &packages.PkgInfo{
        Name:    "initramfs-tools-bin",
        Arch:    "x86_64",
        RawArch: "",
        Version: "0.142ubuntu25.5",
        Source:  packages.Source{},
    },
    &packages.PkgInfo{
        Name:    "libnetplan1",
        Arch:    "x86_64",
        RawArch: "",
        Version: "1.1.1-1~ubuntu24.04.1",
        Source:  packages.Source{},
    },
    &packages.PkgInfo{
        Name:    "bsdextrautils",
        Arch:    "x86_64",
        RawArch: "",
        Version: "2.39.3-9ubuntu6.2",
        Source:  packages.Source{},
    },
    &packages.PkgInfo{
        Name:    "libdrm-common",
        Arch:    "all",
        RawArch: "",
        Version: "2.4.122-1~ubuntu0.24.04.1",
        Source:  packages.Source{},
    },
    &packages.PkgInfo{
        Name:    "libnghttp2-14",
        Arch:    "x86_64",
        RawArch: "",
        Version: "1.59.0-1ubuntu0.2",
        Source:  packages.Source{},
    },
    &packages.PkgInfo{
        Name:    "libnl-genl-3-200",
        Arch:    "x86_64",
        RawArch: "",
        Version: "3.7.0-0.3build1.1",
        Source:  packages.Source{},
    },
    &packages.PkgInfo{
        Name:    "libplymouth5",
        Arch:    "x86_64",
        RawArch: "",
        Version: "24.004.60-1ubuntu7.1",
        Source:  packages.Source{},
    },
    &packages.PkgInfo{
        Name:    "libpackagekit-glib2-18",
        Arch:    "x86_64",
        RawArch: "",
        Version: "1.2.8-2ubuntu1.2",
        Source:  packages.Source{},
    },
    &packages.PkgInfo{
        Name:    "polkitd",
        Arch:    "x86_64",
        RawArch: "",
        Version: "124-2ubuntu1.24.04.2",
        Source:  packages.Source{},
    },
    &packages.PkgInfo{
        Name:    "libpolkit-gobject-1-0",
        Arch:    "x86_64",
        RawArch: "",
        Version: "124-2ubuntu1.24.04.2",
        Source:  packages.Source{},
    },
    &packages.PkgInfo{
        Name:    "plymouth-theme-ubuntu-text",
        Arch:    "x86_64",
        RawArch: "",
        Version: "24.004.60-1ubuntu7.1",
        Source:  packages.Source{},
    },
    &packages.PkgInfo{
        Name:    "ubuntu-release-upgrader-core",
        Arch:    "all",
        RawArch: "",
        Version: "1:24.04.26",
        Source:  packages.Source{},
    },
    &packages.PkgInfo{
        Name:    "ubuntu-standard",
        Arch:    "x86_64",
        RawArch: "",
        Version: "1.539.2",
        Source:  packages.Source{},
    },
    &packages.PkgInfo{
        Name:    "bpftrace",
        Arch:    "x86_64",
        RawArch: "",
        Version: "0.20.2-1ubuntu4.3",
        Source:  packages.Source{},
    },
    &packages.PkgInfo{
        Name:    "cryptsetup-bin",
        Arch:    "x86_64",
        RawArch: "",
        Version: "2:2.7.0-1ubuntu4.2",
        Source:  packages.Source{},
    },
    &packages.PkgInfo{
        Name:    "libdevmapper-event1.02.1",
        Arch:    "x86_64",
        RawArch: "",
        Version: "2:1.02.185-3ubuntu3.2",
        Source:  packages.Source{},
    },
    &packages.PkgInfo{
        Name:    "liblvm2cmd2.03",
        Arch:    "x86_64",
        RawArch: "",
        Version: "2.03.16-3ubuntu3.2",
        Source:  packages.Source{},
    },
    &packages.PkgInfo{
        Name:    "fdisk",
        Arch:    "x86_64",
        RawArch: "",
        Version: "2.39.3-9ubuntu6.2",
        Source:  packages.Source{},
    },
    &packages.PkgInfo{
        Name:    "grub-efi-amd64-signed",
        Arch:    "x86_64",
        RawArch: "",
        Version: "1.202.2+2.12-1ubuntu7.1",
        Source:  packages.Source{},
    },
    &packages.PkgInfo{
        Name:    "landscape-common",
        Arch:    "x86_64",
        RawArch: "",
        Version: "24.02-0ubuntu5.3",
        Source:  packages.Source{},
    },
    &packages.PkgInfo{
        Name:    "libldap2",
        Arch:    "x86_64",
        RawArch: "",
        Version: "2.6.7+dfsg-1~exp1ubuntu8.2",
        Source:  packages.Source{},
    },
    &packages.PkgInfo{
        Name:    "libnvme1t64",
        Arch:    "x86_64",
        RawArch: "",
        Version: "1.8-3ubuntu1",
        Source:  packages.Source{},
    },
    &packages.PkgInfo{
        Name:    "lvm2",
        Arch:    "x86_64",
        RawArch: "",
        Version: "2.03.16-3ubuntu3.2",
        Source:  packages.Source{},
    },
}